Archive member included to satisfy reference by file (symbol)

/opt/stm32cubeide/plugins/com.st.stm32cube.ide.mcu.externaltools.gnu-tools-for-stm32.10.3-2021.10.linux64_1.0.200.202301161003/tools/bin/../lib/gcc/arm-none-eabi/10.3.1/../../../../arm-none-eabi/lib/thumb/v7e-m+dp/hard/libc_nano.a(lib_a-errno.o)
                              ./Core/Src/syscalls.o (__errno)
/opt/stm32cubeide/plugins/com.st.stm32cube.ide.mcu.externaltools.gnu-tools-for-stm32.10.3-2021.10.linux64_1.0.200.202301161003/tools/bin/../lib/gcc/arm-none-eabi/10.3.1/../../../../arm-none-eabi/lib/thumb/v7e-m+dp/hard/libc_nano.a(lib_a-exit.o)
                              /opt/stm32cubeide/plugins/com.st.stm32cube.ide.mcu.externaltools.gnu-tools-for-stm32.10.3-2021.10.linux64_1.0.200.202301161003/tools/bin/../lib/gcc/arm-none-eabi/10.3.1/../../../../arm-none-eabi/lib/thumb/v7e-m+dp/hard/crt0.o (exit)
/opt/stm32cubeide/plugins/com.st.stm32cube.ide.mcu.externaltools.gnu-tools-for-stm32.10.3-2021.10.linux64_1.0.200.202301161003/tools/bin/../lib/gcc/arm-none-eabi/10.3.1/../../../../arm-none-eabi/lib/thumb/v7e-m+dp/hard/libc_nano.a(lib_a-impure.o)
                              /opt/stm32cubeide/plugins/com.st.stm32cube.ide.mcu.externaltools.gnu-tools-for-stm32.10.3-2021.10.linux64_1.0.200.202301161003/tools/bin/../lib/gcc/arm-none-eabi/10.3.1/../../../../arm-none-eabi/lib/thumb/v7e-m+dp/hard/libc_nano.a(lib_a-exit.o) (_global_impure_ptr)
/opt/stm32cubeide/plugins/com.st.stm32cube.ide.mcu.externaltools.gnu-tools-for-stm32.10.3-2021.10.linux64_1.0.200.202301161003/tools/bin/../lib/gcc/arm-none-eabi/10.3.1/../../../../arm-none-eabi/lib/thumb/v7e-m+dp/hard/libc_nano.a(lib_a-init.o)
                              /opt/stm32cubeide/plugins/com.st.stm32cube.ide.mcu.externaltools.gnu-tools-for-stm32.10.3-2021.10.linux64_1.0.200.202301161003/tools/bin/../lib/gcc/arm-none-eabi/10.3.1/../../../../arm-none-eabi/lib/thumb/v7e-m+dp/hard/crt0.o (__libc_init_array)
/opt/stm32cubeide/plugins/com.st.stm32cube.ide.mcu.externaltools.gnu-tools-for-stm32.10.3-2021.10.linux64_1.0.200.202301161003/tools/bin/../lib/gcc/arm-none-eabi/10.3.1/../../../../arm-none-eabi/lib/thumb/v7e-m+dp/hard/libc_nano.a(lib_a-memcpy-stub.o)
                              ./Core/Src/navigation/navigation_tests.o (memcpy)
/opt/stm32cubeide/plugins/com.st.stm32cube.ide.mcu.externaltools.gnu-tools-for-stm32.10.3-2021.10.linux64_1.0.200.202301161003/tools/bin/../lib/gcc/arm-none-eabi/10.3.1/../../../../arm-none-eabi/lib/thumb/v7e-m+dp/hard/libc_nano.a(lib_a-memset.o)
                              /opt/stm32cubeide/plugins/com.st.stm32cube.ide.mcu.externaltools.gnu-tools-for-stm32.10.3-2021.10.linux64_1.0.200.202301161003/tools/bin/../lib/gcc/arm-none-eabi/10.3.1/../../../../arm-none-eabi/lib/thumb/v7e-m+dp/hard/crt0.o (memset)
/opt/stm32cubeide/plugins/com.st.stm32cube.ide.mcu.externaltools.gnu-tools-for-stm32.10.3-2021.10.linux64_1.0.200.202301161003/tools/bin/../lib/gcc/arm-none-eabi/10.3.1/../../../../arm-none-eabi/lib/thumb/v7e-m+dp/hard/libc_nano.a(lib_a-printf.o)
                              ./Core/Src/helper_functions.o (printf)
/opt/stm32cubeide/plugins/com.st.stm32cube.ide.mcu.externaltools.gnu-tools-for-stm32.10.3-2021.10.linux64_1.0.200.202301161003/tools/bin/../lib/gcc/arm-none-eabi/10.3.1/../../../../arm-none-eabi/lib/thumb/v7e-m+dp/hard/libc_nano.a(lib_a-putchar.o)
                              ./Core/Src/helper_functions.o (putchar)
/opt/stm32cubeide/plugins/com.st.stm32cube.ide.mcu.externaltools.gnu-tools-for-stm32.10.3-2021.10.linux64_1.0.200.202301161003/tools/bin/../lib/gcc/arm-none-eabi/10.3.1/../../../../arm-none-eabi/lib/thumb/v7e-m+dp/hard/libc_nano.a(lib_a-puts.o)
                              ./Core/Src/navigation/dijkstra.o (puts)
/opt/stm32cubeide/plugins/com.st.stm32cube.ide.mcu.externaltools.gnu-tools-for-stm32.10.3-2021.10.linux64_1.0.200.202301161003/tools/bin/../lib/gcc/arm-none-eabi/10.3.1/../../../../arm-none-eabi/lib/thumb/v7e-m+dp/hard/libc_nano.a(lib_a-setvbuf.o)
                              ./Core/Src/main.o (setvbuf)
/opt/stm32cubeide/plugins/com.st.stm32cube.ide.mcu.externaltools.gnu-tools-for-stm32.10.3-2021.10.linux64_1.0.200.202301161003/tools/bin/../lib/gcc/arm-none-eabi/10.3.1/../../../../arm-none-eabi/lib/thumb/v7e-m+dp/hard/libc_nano.a(lib_a-strlen.o)
                              ./Core/Src/navigation/navigation_tests.o (strlen)
/opt/stm32cubeide/plugins/com.st.stm32cube.ide.mcu.externaltools.gnu-tools-for-stm32.10.3-2021.10.linux64_1.0.200.202301161003/tools/bin/../lib/gcc/arm-none-eabi/10.3.1/../../../../arm-none-eabi/lib/thumb/v7e-m+dp/hard/libc_nano.a(lib_a-strncmp.o)
                              ./Core/Src/navigation/lwgps.o (strncmp)
/opt/stm32cubeide/plugins/com.st.stm32cube.ide.mcu.externaltools.gnu-tools-for-stm32.10.3-2021.10.linux64_1.0.200.202301161003/tools/bin/../lib/gcc/arm-none-eabi/10.3.1/../../../../arm-none-eabi/lib/thumb/v7e-m+dp/hard/libc_nano.a(lib_a-wbuf.o)
[...]
Memory Configuration

Name             Origin             Length             Attributes
RAM              0x0000000020000000 0x0000000000080000 xrw
FLASH            0x0000000008000000 0x0000000000100000 xr
*default*        0x0000000000000000 0xffffffffffffffff

Linker script and memory map

LOAD /opt/stm32cubeide/plugins/com.st.stm32cube.ide.mcu.externaltools.gnu-tools-for-stm32.10.3-2021.10.linux64_1.0.200.202301161003/tools/bin/../lib/gcc/arm-none-eabi/10.3.1/thumb/v7e-m+dp/hard/crti.o
LOAD /opt/stm32cubeide/plugins/com.st.stm32cube.ide.mcu.externaltools.gnu-tools-for-stm32.10.3-2021.10.linux64_1.0.200.202301161003/tools/bin/../lib/gcc/arm-none-eabi/10.3.1/thumb/v7e-m+dp/hard/crtbegin.o
LOAD /opt/stm32cubeide/plugins/com.st.stm32cube.ide.mcu.externaltools.gnu-tools-for-stm32.10.3-2021.10.linux64_1.0.200.202301161003/tools/bin/../lib/gcc/arm-none-eabi/10.3.1/../../../../arm-none-eabi/lib/thumb/v7e-m+dp/hard/crt0.o
LOAD ./Core/Src/helper_functions.o
LOAD ./Core/Src/location.o
LOAD ./Core/Src/main.o
LOAD ./Core/Src/stm32f7xx_hal_msp.o
LOAD ./Core/Src/stm32f7xx_it.o
LOAD ./Core/Src/syscalls.o
LOAD ./Core/Src/sysmem.o
LOAD ./Core/Src/system_stm32f7xx.o
LOAD ./Core/Src/test.o
LOAD ./Core/Src/navigation/dijkstra.o
LOAD ./Core/Src/navigation/k_d_tree.o
LOAD ./Core/Src/navigation/landmarks.o
LOAD ./Core/Src/navigation/lwgps.o
LOAD ./Core/Src/navigation/navigation.o
LOAD ./Core/Src/navigation/navigation_tests.o
LOAD ./Core/Src/navigation/proximity.o
LOAD ./Core/Startup/startup_stm32f767zgtx.o
LOAD ./Drivers/STM32F7xx_HAL_Driver/Src/stm32f7xx_hal.o
LOAD ./Drivers/STM32F7xx_HAL_Driver/Src/stm32f7xx_hal_cortex.o
LOAD ./Drivers/STM32F7xx_HAL_Driver/Src/stm32f7xx_hal_dma.o
LOAD ./Drivers/STM32F7xx_HAL_Driver/Src/stm32f7xx_hal_dma_ex.o
LOAD ./Drivers/STM32F7xx_HAL_Driver/Src/stm32f7xx_hal_exti.o
LOAD ./Drivers/STM32F7xx_HAL_Driver/Src/stm32f7xx_hal_flash.o
LOAD ./Drivers/STM32F7xx_HAL_Driver/Src/stm32f7xx_hal_flash_ex.o
LOAD ./Drivers/STM32F7xx_HAL_Driver/Src/stm32f7xx_hal_gpio.o
LOAD ./Drivers/STM32F7xx_HAL_Driver/Src/stm32f7xx_hal_i2c.o
LOAD ./Drivers/STM32F7xx_HAL_Driver/Src/stm32f7xx_hal_i2c_ex.o
LOAD ./Drivers/STM32F7xx_HAL_Driver/Src/stm32f7xx_hal_pwr.o
LOAD ./Drivers/STM32F7xx_HAL_Driver/Src/stm32f7xx_hal_pwr_ex.o
LOAD ./Drivers/STM32F7xx_HAL_Driver/Src/stm32f7xx_hal_rcc.o
LOAD ./Drivers/STM32F7xx_HAL_Driver/Src/stm32f7xx_hal_rcc_ex.o
LOAD ./Drivers/STM32F7xx_HAL_Driver/Src/stm32f7xx_hal_tim.o
LOAD ./Drivers/STM32F7xx_HAL_Driver/Src/stm32f7xx_hal_tim_ex.o
LOAD ./Drivers/STM32F7xx_HAL_Driver/Src/stm32f7xx_hal_uart.o
LOAD ./Drivers/STM32F7xx_HAL_Driver/Src/stm32f7xx_hal_uart_ex.o
START GROUP
LOAD /opt/stm32cubeide/plugins/com.st.stm32cube.ide.mcu.externaltools.gnu-tools-for-stm32.10.3-2021.10.linux64_1.0.200.202301161003/tools/bin/../lib/gcc/arm-none-eabi/10.3.1/../../../../arm-none-eabi/lib/thumb/v7e-m+dp/hard/libc_nano.a
LOAD /opt/stm32cubeide/plugins/com.st.stm32cube.ide.mcu.externaltools.gnu-tools-for-stm32.10.3-2021.10.linux64_1.0.200.202301161003/tools/bin/../lib/gcc/arm-none-eabi/10.3.1/../../../../arm-none-eabi/lib/thumb/v7e-m+dp/hard/libm.a
END GROUP
START GROUP
LOAD /opt/stm32cubeide/plugins/com.st.stm32cube.ide.mcu.externaltools.gnu-tools-for-stm32.10.3-2021.10.linux64_1.0.200.202301161003/tools/bin/../lib/gcc/arm-none-eabi/10.3.1/thumb/v7e-m+dp/hard/libgcc.a
LOAD /opt/stm32cubeide/plugins/com.st.stm32cube.ide.mcu.externaltools.gnu-tools-for-stm32.10.3-2021.10.linux64_1.0.200.202301161003/tools/bin/../lib/gcc/arm-none-eabi/10.3.1/../../../../arm-none-eabi/lib/thumb/v7e-m+dp/hard/libc_nano.a
END GROUP
START GROUP
LOAD /opt/stm32cubeide/plugins/com.st.stm32cube.ide.mcu.externaltools.gnu-tools-for-stm32.10.3-2021.10.linux64_1.0.200.202301161003/tools/bin/../lib/gcc/arm-none-eabi/10.3.1/thumb/v7e-m+dp/hard/libgcc.a
LOAD /opt/stm32cubeide/plugins/com.st.stm32cube.ide.mcu.externaltools.gnu-tools-for-stm32.10.3-2021.10.linux64_1.0.200.202301161003/tools/bin/../lib/gcc/arm-none-eabi/10.3.1/../../../../arm-none-eabi/lib/thumb/v7e-m+dp/hard/libc_nano.a
LOAD /opt/stm32cubeide/plugins/com.st.stm32cube.ide.mcu.externaltools.gnu-tools-for-stm32.10.3-2021.10.linux64_1.0.200.202301161003/tools/bin/../lib/gcc/arm-none-eabi/10.3.1/../../../../arm-none-eabi/lib/thumb/v7e-m+dp/hard/libnosys.a
END GROUP
START GROUP
LOAD /opt/stm32cubeide/plugins/com.st.stm32cube.ide.mcu.externaltools.gnu-tools-for-stm32.10.3-2021.10.linux64_1.0.200.202301161003/tools/bin/../lib/gcc/arm-none-eabi/10.3.1/thumb/v7e-m+dp/hard/libgcc.a
LOAD /opt/stm32cubeide/plugins/com.st.stm32cube.ide.mcu.externaltools.gnu-tools-for-stm32.10.3-2021.10.linux64_1.0.200.202301161003/tools/bin/../lib/gcc/arm-none-eabi/10.3.1/../../../../arm-none-eabi/lib/thumb/v7e-m+dp/hard/libc_nano.a
LOAD /opt/stm32cubeide/plugins/com.st.stm32cube.ide.mcu.externaltools.gnu-tools-for-stm32.10.3-2021.10.linux64_1.0.200.202301161003/tools/bin/../lib/gcc/arm-none-eabi/10.3.1/../../../../arm-none-eabi/lib/thumb/v7e-m+dp/hard/libnosys.a
END GROUP
LOAD /opt/stm32cubeide/plugins/com.st.stm32cube.ide.mcu.externaltools.gnu-tools-for-stm32.10.3-2021.10.linux64_1.0.200.202301161003/tools/bin/../lib/gcc/arm-none-eabi/10.3.1/thumb/v7e-m+dp/hard/crtend.o
LOAD /opt/stm32cubeide/plugins/com.st.stm32cube.ide.mcu.externaltools.gnu-tools-for-stm32.10.3-2021.10.linux64_1.0.200.202301161003/tools/bin/../lib/gcc/arm-none-eabi/10.3.1/thumb/v7e-m+dp/hard/crtn.o
                0x0000000020080000                _estack = (ORIGIN (RAM) + LENGTH (RAM))
                0x0000000000000200                _Min_Heap_Size = 0x200
                0x0000000000000400                _Min_Stack_Size = 0x400

.isr_vector     0x0000000008000000      0x1f8
                0x0000000008000000                . = ALIGN (0x4)
 *(.isr_vector)
 .isr_vector    0x0000000008000000      0x1f8 ./Core/Startup/startup_stm32f767zgtx.o
                0x0000000008000000                g_pfnVectors
                0x00000000080001f8                . = ALIGN (0x4)

.text           0x0000000008000200     0x65cc
                0x0000000008000200                . = ALIGN (0x4)
 *(.text)
 .text          0x0000000008000200       0x40 /opt/stm32cubeide/plugins/com.st.stm32cube.ide.mcu.externaltools.gnu-tools-for-stm32.10.3-2021.10.linux64_1.0.200.202301161003/tools/bin/../lib/gcc/arm-none-eabi/10.3.1/thumb/v7e-m+dp/hard/crtbegin.o
 .text          0x0000000008000240       0xa0 /opt/stm32cubeide/plugins/com.st.stm32cube.ide.mcu.externaltools.gnu-tools-for-stm32.10.3-2021.10.linux64_1.0.200.202301161003/tools/bin/../lib/gcc/arm-none-eabi/10.3.1/../../../../arm-none-eabi/lib/thumb/v7e-m+dp/hard/libc_nano.a(lib_a-memchr.o)
                0x0000000008000240                memchr
 .text          0x00000000080002e0       0x30 /opt/stm32cubeide/plugins/com.st.stm32cube.ide.mcu.externaltools.gnu-tools-for-stm32.10.3-2021.10.linux64_1.0.200.202301161003/tools/bin/../lib/gcc/arm-none-eabi/10.3.1/thumb/v7e-m+dp/hard/libgcc.a(_aeabi_uldivmod.o)
                0x00000000080002e0                __aeabi_uldivmod
 .text          0x0000000008000310      0x2d0 /opt/stm32cubeide/plugins/com.st.stm32cube.ide.mcu.externaltools.gnu-tools-for-stm32.10.3-2021.10.linux64_1.0.200.202301161003/tools/bin/../lib/gcc/arm-none-eabi/10.3.1/thumb/v7e-m+dp/hard/libgcc.a(_udivmoddi4.o)
                0x0000000008000310                __udivmoddi4
 .text          0x00000000080005e0        0x4 /opt/stm32cubeide/plugins/com.st.stm32cube.ide.mcu.externaltools.gnu-tools-for-stm32.10.3-2021.10.linux64_1.0.200.202301161003/tools/bin/../lib/gcc/arm-none-eabi/10.3.1/thumb/v7e-m+dp/hard/libgcc.a(_dvmd_tls.o)
                0x00000000080005e0                __aeabi_ldiv0
                0x00000000080005e0                __aeabi_idiv0
 *(.text*)
 .text.__io_putchar
                0x00000000080005e4       0x24 ./Core/Src/helper_functions.o
                0x00000000080005e4                __io_putchar
 .text.__io_getchar
                0x0000000008000608       0x3c ./Core/Src/helper_functions.o
                0x0000000008000608                __io_getchar
 *fill*         0x0000000008000644        0x4 
 .text.print_float
                0x0000000008000648       0x70 ./Core/Src/helper_functions.o
                0x0000000008000648                print_float
 .text.main     0x00000000080006b8       0x8c ./Core/Src/main.o
                0x00000000080006b8                main
 .text.SystemClock_Config
                0x0000000008000744       0xcc ./Core/Src/main.o
                0x0000000008000744                SystemClock_Config
 .text.MX_USART2_UART_Init
                0x0000000008000810       0x60 ./Core/Src/main.o
 .text.MX_USART3_UART_Init
                0x0000000008000870       0x60 ./Core/Src/main.o
 .text.MX_DMA_Init
                0x00000000080008d0       0x3c ./Core/Src/main.o
 .text.MX_GPIO_Init
                0x000000000800090c      0x208 ./Core/Src/main.o
 .text.MPU_Config
                0x0000000008000b14       0x58 ./Core/Src/main.o
 .text.Error_Handler
                0x0000000008000b6c        0xa ./Core/Src/main.o
                0x0000000008000b6c                Error_Handler
 *fill*         0x0000000008000b76        0x2 
 .text.HAL_MspInit
                0x0000000008000b78       0x48 ./Core/Src/stm32f7xx_hal_msp.o
                0x0000000008000b78                HAL_MspInit
 .text.HAL_UART_MspInit
                0x0000000008000bc0      0x1ac ./Core/Src/stm32f7xx_hal_msp.o
                0x0000000008000bc0                HAL_UART_MspInit
 .text.NMI_Handler
                0x0000000008000d6c        0x6 ./Core/Src/stm32f7xx_it.o
                0x0000000008000d6c                NMI_Handler
 .text.HardFault_Handler
                0x0000000008000d72        0x6 ./Core/Src/stm32f7xx_it.o
                0x0000000008000d72                HardFault_Handler
 .text.MemManage_Handler
                0x0000000008000d78        0x6 ./Core/Src/stm32f7xx_it.o
                0x0000000008000d78                MemManage_Handler
 .text.BusFault_Handler
                0x0000000008000d7e        0x6 ./Core/Src/stm32f7xx_it.o
                0x0000000008000d7e                BusFault_Handler
 .text.UsageFault_Handler
                0x0000000008000d84        0x6 ./Core/Src/stm32f7xx_it.o
                0x0000000008000d84                UsageFault_Handler
 .text.SVC_Handler
                0x0000000008000d8a        0xe ./Core/Src/stm32f7xx_it.o
                0x0000000008000d8a                SVC_Handler
 .text.DebugMon_Handler
                0x0000000008000d98        0xe ./Core/Src/stm32f7xx_it.o
                0x0000000008000d98                DebugMon_Handler
 .text.PendSV_Handler
                0x0000000008000da6        0xe ./Core/Src/stm32f7xx_it.o
                0x0000000008000da6                PendSV_Handler
 .text.SysTick_Handler
                0x0000000008000db4        0xc ./Core/Src/stm32f7xx_it.o
                0x0000000008000db4                SysTick_Handler
 .text.DMA1_Stream5_IRQHandler
                0x0000000008000dc0       0x14 ./Core/Src/stm32f7xx_it.o
                0x0000000008000dc0                DMA1_Stream5_IRQHandler
 .text._read    0x0000000008000dd4       0x3a ./Core/Src/syscalls.o
                0x0000000008000dd4                _read
 .text._write   0x0000000008000e0e       0x38 ./Core/Src/syscalls.o
                0x0000000008000e0e                _write
 .text._close   0x0000000008000e46       0x18 ./Core/Src/syscalls.o
                0x0000000008000e46                _close
 .text._fstat   0x0000000008000e5e       0x20 ./Core/Src/syscalls.o
                0x0000000008000e5e                _fstat
 .text._isatty  0x0000000008000e7e       0x16 ./Core/Src/syscalls.o
                0x0000000008000e7e                _isatty
 .text._lseek   0x0000000008000e94       0x1a ./Core/Src/syscalls.o
                0x0000000008000e94                _lseek
 *fill*         0x0000000008000eae        0x2 
 .text._sbrk    0x0000000008000eb0       0x6c ./Core/Src/sysmem.o
                0x0000000008000eb0                _sbrk
 .text.SystemInit
                0x0000000008000f1c       0x24 ./Core/Src/system_stm32f7xx.o
                0x0000000008000f1c                SystemInit
 .text.is_empty
                0x0000000008000f40       0x20 ./Core/Src/navigation/dijkstra.o
                0x0000000008000f40                is_empty
 .text.parent   0x0000000008000f60       0x20 ./Core/Src/navigation/dijkstra.o
                0x0000000008000f60                parent
 .text.left_child
                0x0000000008000f80       0x1a ./Core/Src/navigation/dijkstra.o
                0x0000000008000f80                left_child
 .text.right_child
                0x0000000008000f9a       0x1a ./Core/Src/navigation/dijkstra.o
                0x0000000008000f9a                right_child
 .text.swap     0x0000000008000fb4       0x3c ./Core/Src/navigation/dijkstra.o
                0x0000000008000fb4                swap
 .text.shift_up
                0x0000000008000ff0       0x8e ./Core/Src/navigation/dijkstra.o
                0x0000000008000ff0                shift_up
 .text.shift_down
                0x000000000800107e       0xea ./Core/Src/navigation/dijkstra.o
                0x000000000800107e                shift_down
 .text.insert   0x0000000008001168       0x4c ./Core/Src/navigation/dijkstra.o
                0x0000000008001168                insert
 .text.extract_min
                0x00000000080011b4       0x66 ./Core/Src/navigation/dijkstra.o
                0x00000000080011b4                extract_min
 .text.get_min  0x000000000800121a       0x18 ./Core/Src/navigation/dijkstra.o
                0x000000000800121a                get_min
 *fill*         0x0000000008001232        0x2 
 .text.get_path
                0x0000000008001234      0x134 ./Core/Src/navigation/dijkstra.o
                0x0000000008001234                get_path
 .text.dijkstra
                0x0000000008001368      0x244 ./Core/Src/navigation/dijkstra.o
                0x0000000008001368                dijkstra
 .text.prv_parse_number
                0x00000000080015ac       0x94 ./Core/Src/navigation/lwgps.o
 .text.prv_parse_float_number
                0x0000000008001640      0x11c ./Core/Src/navigation/lwgps.o
 *fill*         0x000000000800175c        0x4 
 .text.prv_parse_lat_long
                0x0000000008001760       0x94 ./Core/Src/navigation/lwgps.o
 .text.prv_parse_term
                0x00000000080017f4      0x204 ./Core/Src/navigation/lwgps.o
 .text.prv_check_crc
                0x00000000080019f8      0x116 ./Core/Src/navigation/lwgps.o
 .text.prv_copy_from_tmp_memory
                0x0000000008001b0e       0x8c ./Core/Src/navigation/lwgps.o
 .text.lwgps_init
                0x0000000008001b9a       0x1c ./Core/Src/navigation/lwgps.o
                0x0000000008001b9a                lwgps_init
 .text.lwgps_process
                0x0000000008001bb6      0x180 ./Core/Src/navigation/lwgps.o
                0x0000000008001bb6                lwgps_process
 *fill*         0x0000000008001d36        0x2 
 .text.navigation_main_init
                0x0000000008001d38      0x128 ./Core/Src/navigation/navigation.o
                0x0000000008001d38                navigation_main_init
 .text.navigation_main_loop
                0x0000000008001e60       0xf0 ./Core/Src/navigation/navigation.o
                0x0000000008001e60                navigation_main_loop
 .text.process_buffer
                0x0000000008001f50       0x64 ./Core/Src/navigation/navigation.o
                0x0000000008001f50                process_buffer
 .text.HAL_UART_RxCpltCallback
                0x0000000008001fb4       0x16 ./Core/Src/navigation/navigation.o
                0x0000000008001fb4                HAL_UART_RxCpltCallback
 .text.HAL_UART_RxHalfCpltCallback
                0x0000000008001fca       0x16 ./Core/Src/navigation/navigation.o
                0x0000000008001fca                HAL_UART_RxHalfCpltCallback
 .text.left_child
                0x0000000008001fe0       0x1a ./Core/Src/navigation/proximity.o
 .text.right_child
                0x0000000008001ffa       0x1a ./Core/Src/navigation/proximity.o
 *fill*         0x0000000008002014        0x4 
 .text.calc_squared_distance
                0x0000000008002018       0x78 ./Core/Src/navigation/proximity.o
                0x0000000008002018                calc_squared_distance
 .text.k_d_search
                0x0000000008002090      0x2d0 ./Core/Src/navigation/proximity.o
                0x0000000008002090                k_d_search
 .text.get_nearest_node
                0x0000000008002360       0x4c ./Core/Src/navigation/proximity.o
                0x0000000008002360                get_nearest_node
 .text.squared_distance_to_node
                0x00000000080023ac       0x60 ./Core/Src/navigation/proximity.o
                0x00000000080023ac                squared_distance_to_node
 .text.Reset_Handler
                0x000000000800240c       0x50 ./Core/Startup/startup_stm32f767zgtx.o
                0x000000000800240c                Reset_Handler
 .text.Default_Handler
                0x000000000800245c        0x2 ./Core/Startup/startup_stm32f767zgtx.o
                0x000000000800245c                RTC_Alarm_IRQHandler
                0x000000000800245c                EXTI2_IRQHandler
                0x000000000800245c                TIM8_CC_IRQHandler
                0x000000000800245c                UART8_IRQHandler
                0x000000000800245c                SPI4_IRQHandler
                0x000000000800245c                TIM1_CC_IRQHandler
                0x000000000800245c                DMA2_Stream5_IRQHandler
                0x000000000800245c                JPEG_IRQHandler
                0x000000000800245c                CAN3_RX1_IRQHandler
                0x000000000800245c                PVD_IRQHandler
                0x000000000800245c                TAMP_STAMP_IRQHandler
                0x000000000800245c                CAN2_RX1_IRQHandler
                0x000000000800245c                EXTI3_IRQHandler
                0x000000000800245c                TIM8_TRG_COM_TIM14_IRQHandler
                0x000000000800245c                DFSDM1_FLT1_IRQHandler
                0x000000000800245c                TIM1_UP_TIM10_IRQHandler
                0x000000000800245c                TIM8_UP_TIM13_IRQHandler
                0x000000000800245c                I2C3_ER_IRQHandler
                0x000000000800245c                DFSDM1_FLT2_IRQHandler
                0x000000000800245c                EXTI0_IRQHandler
                0x000000000800245c                I2C2_EV_IRQHandler
                0x000000000800245c                DMA1_Stream2_IRQHandler
                0x000000000800245c                CAN1_RX0_IRQHandler
                0x000000000800245c                FPU_IRQHandler
                0x000000000800245c                OTG_HS_WKUP_IRQHandler
                0x000000000800245c                CAN3_SCE_IRQHandler
                0x000000000800245c                LTDC_ER_IRQHandler
                0x000000000800245c                CAN2_SCE_IRQHandler
                0x000000000800245c                DMA2_Stream2_IRQHandler
                0x000000000800245c                SPI1_IRQHandler
                0x000000000800245c                TIM6_DAC_IRQHandler
                0x000000000800245c                TIM1_BRK_TIM9_IRQHandler
                0x000000000800245c                DCMI_IRQHandler
                0x000000000800245c                CAN2_RX0_IRQHandler
                0x000000000800245c                DMA2_Stream3_IRQHandler
                0x000000000800245c                SAI2_IRQHandler
                0x000000000800245c                DFSDM1_FLT3_IRQHandler
                0x000000000800245c                USART6_IRQHandler
                0x000000000800245c                CAN3_RX0_IRQHandler
                0x000000000800245c                USART3_IRQHandler
                0x000000000800245c                CAN1_RX1_IRQHandler
                0x000000000800245c                UART5_IRQHandler
                0x000000000800245c                DMA2_Stream0_IRQHandler
                0x000000000800245c                TIM4_IRQHandler
                0x000000000800245c                QUADSPI_IRQHandler
                0x000000000800245c                I2C1_EV_IRQHandler
                0x000000000800245c                DMA1_Stream6_IRQHandler
                0x000000000800245c                DMA1_Stream1_IRQHandler
                0x000000000800245c                UART4_IRQHandler
                0x000000000800245c                TIM3_IRQHandler
                0x000000000800245c                RCC_IRQHandler
                0x000000000800245c                TIM8_BRK_TIM12_IRQHandler
                0x000000000800245c                Default_Handler
                0x000000000800245c                CEC_IRQHandler
                0x000000000800245c                EXTI15_10_IRQHandler
                0x000000000800245c                ADC_IRQHandler
                0x000000000800245c                DMA1_Stream7_IRQHandler
                0x000000000800245c                SPI5_IRQHandler
                0x000000000800245c                TIM7_IRQHandler
                0x000000000800245c                SDMMC1_IRQHandler
                0x000000000800245c                CAN2_TX_IRQHandler
                0x000000000800245c                TIM5_IRQHandler
                0x000000000800245c                DMA2_Stream7_IRQHandler
                0x000000000800245c                I2C3_EV_IRQHandler
                0x000000000800245c                EXTI9_5_IRQHandler
                0x000000000800245c                RTC_WKUP_IRQHandler
                0x000000000800245c                LTDC_IRQHandler
                0x000000000800245c                ETH_WKUP_IRQHandler
                0x000000000800245c                SPDIF_RX_IRQHandler
                0x000000000800245c                SPI2_IRQHandler
                0x000000000800245c                OTG_HS_EP1_IN_IRQHandler
                0x000000000800245c                DMA1_Stream0_IRQHandler
                0x000000000800245c                CAN1_TX_IRQHandler
                0x000000000800245c                EXTI4_IRQHandler
                0x000000000800245c                RNG_IRQHandler
                0x000000000800245c                ETH_IRQHandler
                0x000000000800245c                OTG_HS_EP1_OUT_IRQHandler
                0x000000000800245c                WWDG_IRQHandler
                0x000000000800245c                SPI6_IRQHandler
                0x000000000800245c                MDIOS_IRQHandler
                0x000000000800245c                I2C4_EV_IRQHandler
                0x000000000800245c                CAN3_TX_IRQHandler
                0x000000000800245c                TIM2_IRQHandler
                0x000000000800245c                OTG_FS_WKUP_IRQHandler
                0x000000000800245c                TIM1_TRG_COM_TIM11_IRQHandler
                0x000000000800245c                OTG_HS_IRQHandler
                0x000000000800245c                DMA2D_IRQHandler
                0x000000000800245c                EXTI1_IRQHandler
                0x000000000800245c                SDMMC2_IRQHandler
                0x000000000800245c                UART7_IRQHandler
                0x000000000800245c                USART2_IRQHandler
                0x000000000800245c                DFSDM1_FLT0_IRQHandler
                0x000000000800245c                I2C2_ER_IRQHandler
                0x000000000800245c                DMA2_Stream1_IRQHandler
                0x000000000800245c                CAN1_SCE_IRQHandler
                0x000000000800245c                FLASH_IRQHandler
                0x000000000800245c                DMA2_Stream4_IRQHandler
                0x000000000800245c                USART1_IRQHandler
                0x000000000800245c                OTG_FS_IRQHandler
                0x000000000800245c                SPI3_IRQHandler
                0x000000000800245c                DMA1_Stream4_IRQHandler
                0x000000000800245c                I2C1_ER_IRQHandler
                0x000000000800245c                FMC_IRQHandler
                0x000000000800245c                LPTIM1_IRQHandler
                0x000000000800245c                I2C4_ER_IRQHandler
                0x000000000800245c                DMA2_Stream6_IRQHandler
                0x000000000800245c                SAI1_IRQHandler
                0x000000000800245c                DMA1_Stream3_IRQHandler
 .text.HAL_Init
                0x000000000800245e       0x1a ./Drivers/STM32F7xx_HAL_Driver/Src/stm32f7xx_hal.o
                0x000000000800245e                HAL_Init
 .text.HAL_InitTick
                0x0000000008002478       0x60 ./Drivers/STM32F7xx_HAL_Driver/Src/stm32f7xx_hal.o
                0x0000000008002478                HAL_InitTick
 .text.HAL_IncTick
                0x00000000080024d8       0x28 ./Drivers/STM32F7xx_HAL_Driver/Src/stm32f7xx_hal.o
                0x00000000080024d8                HAL_IncTick
 .text.HAL_GetTick
                0x0000000008002500       0x18 ./Drivers/STM32F7xx_HAL_Driver/Src/stm32f7xx_hal.o
                0x0000000008002500                HAL_GetTick
 .text.__NVIC_SetPriorityGrouping
                0x0000000008002518       0x48 ./Drivers/STM32F7xx_HAL_Driver/Src/stm32f7xx_hal_cortex.o
 .text.__NVIC_GetPriorityGrouping
                0x0000000008002560       0x1c ./Drivers/STM32F7xx_HAL_Driver/Src/stm32f7xx_hal_cortex.o
 .text.__NVIC_EnableIRQ
                0x000000000800257c       0x3c ./Drivers/STM32F7xx_HAL_Driver/Src/stm32f7xx_hal_cortex.o
 .text.__NVIC_SetPriority
                0x00000000080025b8       0x54 ./Drivers/STM32F7xx_HAL_Driver/Src/stm32f7xx_hal_cortex.o
 .text.NVIC_EncodePriority
                0x000000000800260c       0x66 ./Drivers/STM32F7xx_HAL_Driver/Src/stm32f7xx_hal_cortex.o
 *fill*         0x0000000008002672        0x2 
 .text.SysTick_Config
                0x0000000008002674       0x44 ./Drivers/STM32F7xx_HAL_Driver/Src/stm32f7xx_hal_cortex.o
 .text.HAL_NVIC_SetPriorityGrouping
                0x00000000080026b8       0x16 ./Drivers/STM32F7xx_HAL_Driver/Src/stm32f7xx_hal_cortex.o
                0x00000000080026b8                HAL_NVIC_SetPriorityGrouping
 .text.HAL_NVIC_SetPriority
                0x00000000080026ce       0x38 ./Drivers/STM32F7xx_HAL_Driver/Src/stm32f7xx_hal_cortex.o
                0x00000000080026ce                HAL_NVIC_SetPriority
 .text.HAL_NVIC_EnableIRQ
                0x0000000008002706       0x1c ./Drivers/STM32F7xx_HAL_Driver/Src/stm32f7xx_hal_cortex.o
                0x0000000008002706                HAL_NVIC_EnableIRQ
 .text.HAL_SYSTICK_Config
                0x0000000008002722       0x18 ./Drivers/STM32F7xx_HAL_Driver/Src/stm32f7xx_hal_cortex.o
                0x0000000008002722                HAL_SYSTICK_Config
 *fill*         0x000000000800273a        0x2 
 .text.HAL_MPU_Disable
                0x000000000800273c       0x30 ./Drivers/STM32F7xx_HAL_Driver/Src/stm32f7xx_hal_cortex.o
                0x000000000800273c                HAL_MPU_Disable
 .text.HAL_MPU_Enable
                0x000000000800276c       0x40 ./Drivers/STM32F7xx_HAL_Driver/Src/stm32f7xx_hal_cortex.o
                0x000000000800276c                HAL_MPU_Enable
 .text.HAL_MPU_ConfigRegion
                0x00000000080027ac       0x88 ./Drivers/STM32F7xx_HAL_Driver/Src/stm32f7xx_hal_cortex.o
                0x00000000080027ac                HAL_MPU_ConfigRegion
 .text.HAL_DMA_Init
                0x0000000008002834      0x15c ./Drivers/STM32F7xx_HAL_Driver/Src/stm32f7xx_hal_dma.o
                0x0000000008002834                HAL_DMA_Init
 .text.HAL_DMA_Start_IT
                0x0000000008002990       0xc0 ./Drivers/STM32F7xx_HAL_Driver/Src/stm32f7xx_hal_dma.o
                0x0000000008002990                HAL_DMA_Start_IT
 .text.HAL_DMA_IRQHandler
                0x0000000008002a50      0x314 ./Drivers/STM32F7xx_HAL_Driver/Src/stm32f7xx_hal_dma.o
                0x0000000008002a50                HAL_DMA_IRQHandler
 .text.DMA_SetConfig
                0x0000000008002d64       0x5c ./Drivers/STM32F7xx_HAL_Driver/Src/stm32f7xx_hal_dma.o
 .text.DMA_CalcBaseAndBitshift
                0x0000000008002dc0       0x6c ./Drivers/STM32F7xx_HAL_Driver/Src/stm32f7xx_hal_dma.o
 .text.DMA_CheckFifoParam
                0x0000000008002e2c       0xf8 ./Drivers/STM32F7xx_HAL_Driver/Src/stm32f7xx_hal_dma.o
 .text.HAL_GPIO_Init
                0x0000000008002f24      0x358 ./Drivers/STM32F7xx_HAL_Driver/Src/stm32f7xx_hal_gpio.o
                0x0000000008002f24                HAL_GPIO_Init
 .text.HAL_GPIO_WritePin
                0x000000000800327c       0x32 ./Drivers/STM32F7xx_HAL_Driver/Src/stm32f7xx_hal_gpio.o
                0x000000000800327c                HAL_GPIO_WritePin
 *fill*         0x00000000080032ae        0x2 
 .text.HAL_PWR_EnableBkUpAccess
                0x00000000080032b0       0x20 ./Drivers/STM32F7xx_HAL_Driver/Src/stm32f7xx_hal_pwr.o
                0x00000000080032b0                HAL_PWR_EnableBkUpAccess
 .text.HAL_PWREx_EnableOverDrive
                0x00000000080032d0       0xa0 ./Drivers/STM32F7xx_HAL_Driver/Src/stm32f7xx_hal_pwr_ex.o
                0x00000000080032d0                HAL_PWREx_EnableOverDrive
 .text.HAL_RCC_OscConfig
                0x0000000008003370      0x55c ./Drivers/STM32F7xx_HAL_Driver/Src/stm32f7xx_hal_rcc.o
                0x0000000008003370                HAL_RCC_OscConfig
 .text.HAL_RCC_ClockConfig
                0x00000000080038cc      0x1d8 ./Drivers/STM32F7xx_HAL_Driver/Src/stm32f7xx_hal_rcc.o
                0x00000000080038cc                HAL_RCC_ClockConfig
 .text.HAL_RCC_GetSysClockFreq
                0x0000000008003aa4      0x20c ./Drivers/STM32F7xx_HAL_Driver/Src/stm32f7xx_hal_rcc.o
                0x0000000008003aa4                HAL_RCC_GetSysClockFreq
 .text.HAL_RCC_GetHCLKFreq
                0x0000000008003cb0       0x18 ./Drivers/STM32F7xx_HAL_Driver/Src/stm32f7xx_hal_rcc.o
                0x0000000008003cb0                HAL_RCC_GetHCLKFreq
 .text.HAL_RCC_GetPCLK1Freq
                0x0000000008003cc8       0x28 ./Drivers/STM32F7xx_HAL_Driver/Src/stm32f7xx_hal_rcc.o
                0x0000000008003cc8                HAL_RCC_GetPCLK1Freq
 .text.HAL_RCC_GetPCLK2Freq
                0x0000000008003cf0       0x28 ./Drivers/STM32F7xx_HAL_Driver/Src/stm32f7xx_hal_rcc.o
                0x0000000008003cf0                HAL_RCC_GetPCLK2Freq
 .text.HAL_RCCEx_PeriphCLKConfig
                0x0000000008003d18      0x850 ./Drivers/STM32F7xx_HAL_Driver/Src/stm32f7xx_hal_rcc_ex.o
                0x0000000008003d18                HAL_RCCEx_PeriphCLKConfig
 .text.HAL_UART_Init
                0x0000000008004568       0x9c ./Drivers/STM32F7xx_HAL_Driver/Src/stm32f7xx_hal_uart.o
                0x0000000008004568                HAL_UART_Init
 .text.HAL_UART_Transmit
                0x0000000008004604      0x106 ./Drivers/STM32F7xx_HAL_Driver/Src/stm32f7xx_hal_uart.o
                0x0000000008004604                HAL_UART_Transmit
 .text.HAL_UART_Receive
                0x000000000800470a      0x188 ./Drivers/STM32F7xx_HAL_Driver/Src/stm32f7xx_hal_uart.o
                0x000000000800470a                HAL_UART_Receive
 .text.HAL_UART_Receive_DMA
                0x0000000008004892       0x88 ./Drivers/STM32F7xx_HAL_Driver/Src/stm32f7xx_hal_uart.o
                0x0000000008004892                HAL_UART_Receive_DMA
 .text.HAL_UART_ErrorCallback
                0x000000000800491a       0x14 ./Drivers/STM32F7xx_HAL_Driver/Src/stm32f7xx_hal_uart.o
                0x000000000800491a                HAL_UART_ErrorCallback
 .text.HAL_UARTEx_RxEventCallback
                0x000000000800492e       0x18 ./Drivers/STM32F7xx_HAL_Driver/Src/stm32f7xx_hal_uart.o
                0x000000000800492e                HAL_UARTEx_RxEventCallback
 *fill*         0x0000000008004946        0x2 
 .text.UART_SetConfig
                0x0000000008004948      0x4c8 ./Drivers/STM32F7xx_HAL_Driver/Src/stm32f7xx_hal_uart.o
                0x0000000008004948                UART_SetConfig
 .text.UART_AdvFeatureConfig
                0x0000000008004e10      0x144 ./Drivers/STM32F7xx_HAL_Driver/Src/stm32f7xx_hal_uart.o
                0x0000000008004e10                UART_AdvFeatureConfig
 .text.UART_CheckIdleState
                0x0000000008004f54       0x9a ./Drivers/STM32F7xx_HAL_Driver/Src/stm32f7xx_hal_uart.o
                0x0000000008004f54                UART_CheckIdleState
 .text.UART_WaitOnFlagUntilTimeout
                0x0000000008004fee      0x18c ./Drivers/STM32F7xx_HAL_Driver/Src/stm32f7xx_hal_uart.o
                0x0000000008004fee                UART_WaitOnFlagUntilTimeout
 *fill*         0x000000000800517a        0x2 
 .text.UART_Start_Receive_DMA
                0x000000000800517c      0x140 ./Drivers/STM32F7xx_HAL_Driver/Src/stm32f7xx_hal_uart.o
                0x000000000800517c                UART_Start_Receive_DMA
 .text.UART_EndTxTransfer
                0x00000000080052bc       0x4c ./Drivers/STM32F7xx_HAL_Driver/Src/stm32f7xx_hal_uart.o
 .text.UART_EndRxTransfer
                0x0000000008005308       0xc8 ./Drivers/STM32F7xx_HAL_Driver/Src/stm32f7xx_hal_uart.o
 .text.UART_DMAReceiveCplt
                0x00000000080053d0      0x128 ./Drivers/STM32F7xx_HAL_Driver/Src/stm32f7xx_hal_uart.o
 .text.UART_DMARxHalfCplt
                0x00000000080054f8       0x3e ./Drivers/STM32F7xx_HAL_Driver/Src/stm32f7xx_hal_uart.o
 .text.UART_DMAError
                0x0000000008005536       0x7e ./Drivers/STM32F7xx_HAL_Driver/Src/stm32f7xx_hal_uart.o
 .text.__errno  0x00000000080055b4        0xc /opt/stm32cubeide/plugins/com.st.stm32cube.ide.mcu.externaltools.gnu-tools-for-stm32.10.3-2021.10.linux64_1.0.200.202301161003/tools/bin/../lib/gcc/arm-none-eabi/10.3.1/../../../../arm-none-eabi/lib/thumb/v7e-m+dp/hard/libc_nano.a(lib_a-errno.o)
                0x00000000080055b4                __errno
 .text.__libc_init_array
                0x00000000080055c0       0x48 /opt/stm32cubeide/plugins/com.st.stm32cube.ide.mcu.externaltools.gnu-tools-for-stm32.10.3-2021.10.linux64_1.0.200.202301161003/tools/bin/../lib/gcc/arm-none-eabi/10.3.1/../../../../arm-none-eabi/lib/thumb/v7e-m+dp/hard/libc_nano.a(lib_a-init.o)
                0x00000000080055c0                __libc_init_array
 .text.memset   0x0000000008005608       0x10 /opt/stm32cubeide/plugins/com.st.stm32cube.ide.mcu.externaltools.gnu-tools-for-stm32.10.3-2021.10.linux64_1.0.200.202301161003/tools/bin/../lib/gcc/arm-none-eabi/10.3.1/../../../../arm-none-eabi/lib/thumb/v7e-m+dp/hard/libc_nano.a(lib_a-memset.o)
                0x0000000008005608                memset
 .text.printf   0x0000000008005618       0x30 /opt/stm32cubeide/plugins/com.st.stm32cube.ide.mcu.externaltools.gnu-tools-for-stm32.10.3-2021.10.linux64_1.0.200.202301161003/tools/bin/../lib/gcc/arm-none-eabi/10.3.1/../../../../arm-none-eabi/lib/thumb/v7e-m+dp/hard/libc_nano.a(lib_a-printf.o)
                0x0000000008005618                printf
                0x0000000008005618                iprintf
 .text.putchar  0x0000000008005648       0x2c /opt/stm32cubeide/plugins/com.st.stm32cube.ide.mcu.externaltools.gnu-tools-for-stm32.10.3-2021.10.linux64_1.0.200.202301161003/tools/bin/../lib/gcc/arm-none-eabi/10.3.1/../../../../arm-none-eabi/lib/thumb/v7e-m+dp/hard/libc_nano.a(lib_a-putchar.o)
                0x0000000008005648                putchar
 .text.setvbuf  0x0000000008005674      0x18c /opt/stm32cubeide/plugins/com.st.stm32cube.ide.mcu.externaltools.gnu-tools-for-stm32.10.3-2021.10.linux64_1.0.200.202301161003/tools/bin/../lib/gcc/arm-none-eabi/10.3.1/../../../../arm-none-eabi/lib/thumb/v7e-m+dp/hard/libc_nano.a(lib_a-setvbuf.o)
                0x0000000008005674                setvbuf
 .text.strncmp  0x0000000008005800       0x28 /opt/stm32cubeide/plugins/com.st.stm32cube.ide.mcu.externaltools.gnu-tools-for-stm32.10.3-2021.10.linux64_1.0.200.202301161003/tools/bin/../lib/gcc/arm-none-eabi/10.3.1/../../../../arm-none-eabi/lib/thumb/v7e-m+dp/hard/libc_nano.a(lib_a-strncmp.o)
                0x0000000008005800                strncmp
 .text.__swbuf_r
                0x0000000008005828       0xa4 /opt/stm32cubeide/plugins/com.st.stm32cube.ide.mcu.externaltools.gnu-tools-for-stm32.10.3-2021.10.linux64_1.0.200.202301161003/tools/bin/../lib/gcc/arm-none-eabi/10.3.1/../../../../arm-none-eabi/lib/thumb/v7e-m+dp/hard/libc_nano.a(lib_a-wbuf.o)
                0x0000000008005828                __swbuf_r
 .text.__swsetup_r
                0x00000000080058cc       0xdc /opt/stm32cubeide/plugins/com.st.stm32cube.ide.mcu.externaltools.gnu-tools-for-stm32.10.3-2021.10.linux64_1.0.200.202301161003/tools/bin/../lib/gcc/arm-none-eabi/10.3.1/../../../../arm-none-eabi/lib/thumb/v7e-m+dp/hard/libc_nano.a(lib_a-wsetup.o)
                0x00000000080058cc                __swsetup_r
 .text.__sflush_r
                0x00000000080059a8      0x10c /opt/stm32cubeide/plugins/com.st.stm32cube.ide.mcu.externaltools.gnu-tools-for-stm32.10.3-2021.10.linux64_1.0.200.202301161003/tools/bin/../lib/gcc/arm-none-eabi/10.3.1/../../../../arm-none-eabi/lib/thumb/v7e-m+dp/hard/libc_nano.a(lib_a-fflush.o)
                0x00000000080059a8                __sflush_r
 .text._fflush_r
                0x0000000008005ab4       0x78 /opt/stm32cubeide/plugins/com.st.stm32cube.ide.mcu.externaltools.gnu-tools-for-stm32.10.3-2021.10.linux64_1.0.200.202301161003/tools/bin/../lib/gcc/arm-none-eabi/10.3.1/../../../../arm-none-eabi/lib/thumb/v7e-m+dp/hard/libc_nano.a(lib_a-fflush.o)
                0x0000000008005ab4                _fflush_r
 .text.std      0x0000000008005b2c       0x48 /opt/stm32cubeide/plugins/com.st.stm32cube.ide.mcu.externaltools.gnu-tools-for-stm32.10.3-2021.10.linux64_1.0.200.202301161003/tools/bin/../lib/gcc/arm-none-eabi/10.3.1/../../../../arm-none-eabi/lib/thumb/v7e-m+dp/hard/libc_nano.a(lib_a-findfp.o)
 .text._cleanup_r
                0x0000000008005b74        0xc /opt/stm32cubeide/plugins/com.st.stm32cube.ide.mcu.externaltools.gnu-tools-for-stm32.10.3-2021.10.linux64_1.0.200.202301161003/tools/bin/../lib/gcc/arm-none-eabi/10.3.1/../../../../arm-none-eabi/lib/thumb/v7e-m+dp/hard/libc_nano.a(lib_a-findfp.o)
                0x0000000008005b74                _cleanup_r
 .text.__sfmoreglue
                0x0000000008005b80       0x2c /opt/stm32cubeide/plugins/com.st.stm32cube.ide.mcu.externaltools.gnu-tools-for-stm32.10.3-2021.10.linux64_1.0.200.202301161003/tools/bin/../lib/gcc/arm-none-eabi/10.3.1/../../../../arm-none-eabi/lib/thumb/v7e-m+dp/hard/libc_nano.a(lib_a-findfp.o)
                0x0000000008005b80                __sfmoreglue
 .text.__sfp_lock_acquire
                0x0000000008005bac        0xc /opt/stm32cubeide/plugins/com.st.stm32cube.ide.mcu.externaltools.gnu-tools-for-stm32.10.3-2021.10.linux64_1.0.200.202301161003/tools/bin/../lib/gcc/arm-none-eabi/10.3.1/../../../../arm-none-eabi/lib/thumb/v7e-m+dp/hard/libc_nano.a(lib_a-findfp.o)
                0x0000000008005bac                __sfp_lock_acquire
 .text.__sfp_lock_release
                0x0000000008005bb8        0xc /opt/stm32cubeide/plugins/com.st.stm32cube.ide.mcu.externaltools.gnu-tools-for-stm32.10.3-2021.10.linux64_1.0.200.202301161003/tools/bin/../lib/gcc/arm-none-eabi/10.3.1/../../../../arm-none-eabi/lib/thumb/v7e-m+dp/hard/libc_nano.a(lib_a-findfp.o)
                0x0000000008005bb8                __sfp_lock_release
 .text.__sinit_lock_acquire
                0x0000000008005bc4        0xc /opt/stm32cubeide/plugins/com.st.stm32cube.ide.mcu.externaltools.gnu-tools-for-stm32.10.3-2021.10.linux64_1.0.200.202301161003/tools/bin/../lib/gcc/arm-none-eabi/10.3.1/../../../../arm-none-eabi/lib/thumb/v7e-m+dp/hard/libc_nano.a(lib_a-findfp.o)
                0x0000000008005bc4                __sinit_lock_acquire
 .text.__sinit_lock_release
                0x0000000008005bd0        0xc /opt/stm32cubeide/plugins/com.st.stm32cube.ide.mcu.externaltools.gnu-tools-for-stm32.10.3-2021.10.linux64_1.0.200.202301161003/tools/bin/../lib/gcc/arm-none-eabi/10.3.1/../../../../arm-none-eabi/lib/thumb/v7e-m+dp/hard/libc_nano.a(lib_a-findfp.o)
                0x0000000008005bd0                __sinit_lock_release
 .text.__sinit  0x0000000008005bdc       0x70 /opt/stm32cubeide/plugins/com.st.stm32cube.ide.mcu.externaltools.gnu-tools-for-stm32.10.3-2021.10.linux64_1.0.200.202301161003/tools/bin/../lib/gcc/arm-none-eabi/10.3.1/../../../../arm-none-eabi/lib/thumb/v7e-m+dp/hard/libc_nano.a(lib_a-findfp.o)
                0x0000000008005bdc                __sinit
 .text.__sfp    0x0000000008005c4c       0x8c /opt/stm32cubeide/plugins/com.st.stm32cube.ide.mcu.externaltools.gnu-tools-for-stm32.10.3-2021.10.linux64_1.0.200.202301161003/tools/bin/../lib/gcc/arm-none-eabi/10.3.1/../../../../arm-none-eabi/lib/thumb/v7e-m+dp/hard/libc_nano.a(lib_a-findfp.o)
                0x0000000008005c4c                __sfp
 .text._fwalk_reent
                0x0000000008005cd8       0x3e /opt/stm32cubeide/plugins/com.st.stm32cube.ide.mcu.externaltools.gnu-tools-for-stm32.10.3-2021.10.linux64_1.0.200.202301161003/tools/bin/../lib/gcc/arm-none-eabi/10.3.1/../../../../arm-none-eabi/lib/thumb/v7e-m+dp/hard/libc_nano.a(lib_a-fwalk.o)
                0x0000000008005cd8                _fwalk_reent
 .text.__retarget_lock_init_recursive
                0x0000000008005d16        0x2 /opt/stm32cubeide/plugins/com.st.stm32cube.ide.mcu.externaltools.gnu-tools-for-stm32.10.3-2021.10.linux64_1.0.200.202301161003/tools/bin/../lib/gcc/arm-none-eabi/10.3.1/../../../../arm-none-eabi/lib/thumb/v7e-m+dp/hard/libc_nano.a(lib_a-lock.o)
                0x0000000008005d16                __retarget_lock_init_recursive
 .text.__retarget_lock_acquire_recursive
                0x0000000008005d18        0x2 /opt/stm32cubeide/plugins/com.st.stm32cube.ide.mcu.externaltools.gnu-tools-for-stm32.10.3-2021.10.linux64_1.0.200.202301161003/tools/bin/../lib/gcc/arm-none-eabi/10.3.1/../../../../arm-none-eabi/lib/thumb/v7e-m+dp/hard/libc_nano.a(lib_a-lock.o)
                0x0000000008005d18                __retarget_lock_acquire_recursive
 .text.__retarget_lock_release_recursive
                0x0000000008005d1a        0x2 /opt/stm32cubeide/plugins/com.st.stm32cube.ide.mcu.externaltools.gnu-tools-for-stm32.10.3-2021.10.linux64_1.0.200.202301161003/tools/bin/../lib/gcc/arm-none-eabi/10.3.1/../../../../arm-none-eabi/lib/thumb/v7e-m+dp/hard/libc_nano.a(lib_a-lock.o)
                0x0000000008005d1a                __retarget_lock_release_recursive
 .text.__swhatbuf_r
                0x0000000008005d1c       0x4a /opt/stm32cubeide/plugins/com.st.stm32cube.ide.mcu.externaltools.gnu-tools-for-stm32.10.3-2021.10.linux64_1.0.200.202301161003/tools/bin/../lib/gcc/arm-none-eabi/10.3.1/../../../../arm-none-eabi/lib/thumb/v7e-m+dp/hard/libc_nano.a(lib_a-makebuf.o)
                0x0000000008005d1c                __swhatbuf_r
 *fill*         0x0000000008005d66        0x2 
 .text.__smakebuf_r
                0x0000000008005d68       0x80 /opt/stm32cubeide/plugins/com.st.stm32cube.ide.mcu.externaltools.gnu-tools-for-stm32.10.3-2021.10.linux64_1.0.200.202301161003/tools/bin/../lib/gcc/arm-none-eabi/10.3.1/../../../../arm-none-eabi/lib/thumb/v7e-m+dp/hard/libc_nano.a(lib_a-makebuf.o)
                0x0000000008005d68                __smakebuf_r
 .text.malloc   0x0000000008005de8       0x10 /opt/stm32cubeide/plugins/com.st.stm32cube.ide.mcu.externaltools.gnu-tools-for-stm32.10.3-2021.10.linux64_1.0.200.202301161003/tools/bin/../lib/gcc/arm-none-eabi/10.3.1/../../../../arm-none-eabi/lib/thumb/v7e-m+dp/hard/libc_nano.a(lib_a-malloc.o)
                0x0000000008005de8                malloc
 .text._free_r  0x0000000008005df8       0x98 /opt/stm32cubeide/plugins/com.st.stm32cube.ide.mcu.externaltools.gnu-tools-for-stm32.10.3-2021.10.linux64_1.0.200.202301161003/tools/bin/../lib/gcc/arm-none-eabi/10.3.1/../../../../arm-none-eabi/lib/thumb/v7e-m+dp/hard/libc_nano.a(lib_a-nano-freer.o)
                0x0000000008005df8                _free_r
 .text.sbrk_aligned
                0x0000000008005e90       0x40 /opt/stm32cubeide/plugins/com.st.stm32cube.ide.mcu.externaltools.gnu-tools-for-stm32.10.3-2021.10.linux64_1.0.200.202301161003/tools/bin/../lib/gcc/arm-none-eabi/10.3.1/../../../../arm-none-eabi/lib/thumb/v7e-m+dp/hard/libc_nano.a(lib_a-nano-mallocr.o)
 .text._malloc_r
                0x0000000008005ed0       0xe8 /opt/stm32cubeide/plugins/com.st.stm32cube.ide.mcu.externaltools.gnu-tools-for-stm32.10.3-2021.10.linux64_1.0.200.202301161003/tools/bin/../lib/gcc/arm-none-eabi/10.3.1/../../../../arm-none-eabi/lib/thumb/v7e-m+dp/hard/libc_nano.a(lib_a-nano-mallocr.o)
                0x0000000008005ed0                _malloc_r
 .text.__sfputc_r
                0x0000000008005fb8       0x2e /opt/stm32cubeide/plugins/com.st.stm32cube.ide.mcu.externaltools.gnu-tools-for-stm32.10.3-2021.10.linux64_1.0.200.202301161003/tools/bin/../lib/gcc/arm-none-eabi/10.3.1/../../../../arm-none-eabi/lib/thumb/v7e-m+dp/hard/libc_nano.a(lib_a-nano-vfprintf.o)
 .text.__sfputs_r
                0x0000000008005fe6       0x24 /opt/stm32cubeide/plugins/com.st.stm32cube.ide.mcu.externaltools.gnu-tools-for-stm32.10.3-2021.10.linux64_1.0.200.202301161003/tools/bin/../lib/gcc/arm-none-eabi/10.3.1/../../../../arm-none-eabi/lib/thumb/v7e-m+dp/hard/libc_nano.a(lib_a-nano-vfprintf.o)
                0x0000000008005fe6                __sfputs_r
 *fill*         0x000000000800600a        0x2 
 .text._vfprintf_r
                0x000000000800600c      0x260 /opt/stm32cubeide/plugins/com.st.stm32cube.ide.mcu.externaltools.gnu-tools-for-stm32.10.3-2021.10.linux64_1.0.200.202301161003/tools/bin/../lib/gcc/arm-none-eabi/10.3.1/../../../../arm-none-eabi/lib/thumb/v7e-m+dp/hard/libc_nano.a(lib_a-nano-vfprintf.o)
                0x000000000800600c                _vfiprintf_r
                0x000000000800600c                _vfprintf_r
 .text._printf_common
                0x000000000800626c       0xda /opt/stm32cubeide/plugins/com.st.stm32cube.ide.mcu.externaltools.gnu-tools-for-stm32.10.3-2021.10.linux64_1.0.200.202301161003/tools/bin/../lib/gcc/arm-none-eabi/10.3.1/../../../../arm-none-eabi/lib/thumb/v7e-m+dp/hard/libc_nano.a(lib_a-nano-vfprintf_i.o)
                0x000000000800626c                _printf_common
 *fill*         0x0000000008006346        0x2 
 .text._printf_i
                0x0000000008006348      0x24c /opt/stm32cubeide/plugins/com.st.stm32cube.ide.mcu.externaltools.gnu-tools-for-stm32.10.3-2021.10.linux64_1.0.200.202301161003/tools/bin/../lib/gcc/arm-none-eabi/10.3.1/../../../../arm-none-eabi/lib/thumb/v7e-m+dp/hard/libc_nano.a(lib_a-nano-vfprintf_i.o)
                0x0000000008006348                _printf_i
 .text._putc_r  0x0000000008006594       0x90 /opt/stm32cubeide/plugins/com.st.stm32cube.ide.mcu.externaltools.gnu-tools-for-stm32.10.3-2021.10.linux64_1.0.200.202301161003/tools/bin/../lib/gcc/arm-none-eabi/10.3.1/../../../../arm-none-eabi/lib/thumb/v7e-m+dp/hard/libc_nano.a(lib_a-putc.o)
                0x0000000008006594                _putc_r
 .text._sbrk_r  0x0000000008006624       0x20 /opt/stm32cubeide/plugins/com.st.stm32cube.ide.mcu.externaltools.gnu-tools-for-stm32.10.3-2021.10.linux64_1.0.200.202301161003/tools/bin/../lib/gcc/arm-none-eabi/10.3.1/../../../../arm-none-eabi/lib/thumb/v7e-m+dp/hard/libc_nano.a(lib_a-sbrkr.o)
                0x0000000008006624                _sbrk_r
 .text.__sread  0x0000000008006644       0x22 /opt/stm32cubeide/plugins/com.st.stm32cube.ide.mcu.externaltools.gnu-tools-for-stm32.10.3-2021.10.linux64_1.0.200.202301161003/tools/bin/../lib/gcc/arm-none-eabi/10.3.1/../../../../arm-none-eabi/lib/thumb/v7e-m+dp/hard/libc_nano.a(lib_a-stdio.o)
                0x0000000008006644                __sread
 .text.__swrite
                0x0000000008006666       0x38 /opt/stm32cubeide/plugins/com.st.stm32cube.ide.mcu.externaltools.gnu-tools-for-stm32.10.3-2021.10.linux64_1.0.200.202301161003/tools/bin/../lib/gcc/arm-none-eabi/10.3.1/../../../../arm-none-eabi/lib/thumb/v7e-m+dp/hard/libc_nano.a(lib_a-stdio.o)
                0x0000000008006666                __swrite
 .text.__sseek  0x000000000800669e       0x24 /opt/stm32cubeide/plugins/com.st.stm32cube.ide.mcu.externaltools.gnu-tools-for-stm32.10.3-2021.10.linux64_1.0.200.202301161003/tools/bin/../lib/gcc/arm-none-eabi/10.3.1/../../../../arm-none-eabi/lib/thumb/v7e-m+dp/hard/libc_nano.a(lib_a-stdio.o)
                0x000000000800669e                __sseek
 .text.__sclose
                0x00000000080066c2        0x8 /opt/stm32cubeide/plugins/com.st.stm32cube.ide.mcu.externaltools.gnu-tools-for-stm32.10.3-2021.10.linux64_1.0.200.202301161003/tools/bin/../lib/gcc/arm-none-eabi/10.3.1/../../../../arm-none-eabi/lib/thumb/v7e-m+dp/hard/libc_nano.a(lib_a-stdio.o)
                0x00000000080066c2                __sclose
 *fill*         0x00000000080066ca        0x2 
 .text._write_r
                0x00000000080066cc       0x24 /opt/stm32cubeide/plugins/com.st.stm32cube.ide.mcu.externaltools.gnu-tools-for-stm32.10.3-2021.10.linux64_1.0.200.202301161003/tools/bin/../lib/gcc/arm-none-eabi/10.3.1/../../../../arm-none-eabi/lib/thumb/v7e-m+dp/hard/libc_nano.a(lib_a-writer.o)
                0x00000000080066cc                _write_r
 .text._close_r
                0x00000000080066f0       0x20 /opt/stm32cubeide/plugins/com.st.stm32cube.ide.mcu.externaltools.gnu-tools-for-stm32.10.3-2021.10.linux64_1.0.200.202301161003/tools/bin/../lib/gcc/arm-none-eabi/10.3.1/../../../../arm-none-eabi/lib/thumb/v7e-m+dp/hard/libc_nano.a(lib_a-closer.o)
                0x00000000080066f0                _close_r
 .text._fstat_r
                0x0000000008006710       0x24 /opt/stm32cubeide/plugins/com.st.stm32cube.ide.mcu.externaltools.gnu-tools-for-stm32.10.3-2021.10.linux64_1.0.200.202301161003/tools/bin/../lib/gcc/arm-none-eabi/10.3.1/../../../../arm-none-eabi/lib/thumb/v7e-m+dp/hard/libc_nano.a(lib_a-fstatr.o)
                0x0000000008006710                _fstat_r
 .text._isatty_r
                0x0000000008006734       0x20 /opt/stm32cubeide/plugins/com.st.stm32cube.ide.mcu.externaltools.gnu-tools-for-stm32.10.3-2021.10.linux64_1.0.200.202301161003/tools/bin/../lib/gcc/arm-none-eabi/10.3.1/../../../../arm-none-eabi/lib/thumb/v7e-m+dp/hard/libc_nano.a(lib_a-isattyr.o)
                0x0000000008006734                _isatty_r
 .text._lseek_r
                0x0000000008006754       0x24 /opt/stm32cubeide/plugins/com.st.stm32cube.ide.mcu.externaltools.gnu-tools-for-stm32.10.3-2021.10.linux64_1.0.200.202301161003/tools/bin/../lib/gcc/arm-none-eabi/10.3.1/../../../../arm-none-eabi/lib/thumb/v7e-m+dp/hard/libc_nano.a(lib_a-lseekr.o)
                0x0000000008006754                _lseek_r
 .text.__malloc_lock
                0x0000000008006778        0xc /opt/stm32cubeide/plugins/com.st.stm32cube.ide.mcu.externaltools.gnu-tools-for-stm32.10.3-2021.10.linux64_1.0.200.202301161003/tools/bin/../lib/gcc/arm-none-eabi/10.3.1/../../../../arm-none-eabi/lib/thumb/v7e-m+dp/hard/libc_nano.a(lib_a-mlock.o)
                0x0000000008006778                __malloc_lock
 .text.__malloc_unlock
                0x0000000008006784        0xc /opt/stm32cubeide/plugins/com.st.stm32cube.ide.mcu.externaltools.gnu-tools-for-stm32.10.3-2021.10.linux64_1.0.200.202301161003/tools/bin/../lib/gcc/arm-none-eabi/10.3.1/../../../../arm-none-eabi/lib/thumb/v7e-m+dp/hard/libc_nano.a(lib_a-mlock.o)
                0x0000000008006784                __malloc_unlock
 .text._read_r  0x0000000008006790       0x24 /opt/stm32cubeide/plugins/com.st.stm32cube.ide.mcu.externaltools.gnu-tools-for-stm32.10.3-2021.10.linux64_1.0.200.202301161003/tools/bin/../lib/gcc/arm-none-eabi/10.3.1/../../../../arm-none-eabi/lib/thumb/v7e-m+dp/hard/libc_nano.a(lib_a-readr.o)
                0x0000000008006790                _read_r
 *(.glue_7)
 .glue_7        0x00000000080067b4        0x0 linker stubs
 *(.glue_7t)
 .glue_7t       0x00000000080067b4        0x0 linker stubs
 *(.eh_frame)
 .eh_frame      0x00000000080067b4        0x0 /opt/stm32cubeide/plugins/com.st.stm32cube.ide.mcu.externaltools.gnu-tools-for-stm32.10.3-2021.10.linux64_1.0.200.202301161003/tools/bin/../lib/gcc/arm-none-eabi/10.3.1/thumb/v7e-m+dp/hard/crtbegin.o
 *(.init)
 .init          0x00000000080067b4        0x4 /opt/stm32cubeide/plugins/com.st.stm32cube.ide.mcu.externaltools.gnu-tools-for-stm32.10.3-2021.10.linux64_1.0.200.202301161003/tools/bin/../lib/gcc/arm-none-eabi/10.3.1/thumb/v7e-m+dp/hard/crti.o
                0x00000000080067b4                _init
 .init          0x00000000080067b8        0x8 /opt/stm32cubeide/plugins/com.st.stm32cube.ide.mcu.externaltools.gnu-tools-for-stm32.10.3-2021.10.linux64_1.0.200.202301161003/tools/bin/../lib/gcc/arm-none-eabi/10.3.1/thumb/v7e-m+dp/hard/crtn.o
 *(.fini)
 .fini          0x00000000080067c0        0x4 /opt/stm32cubeide/plugins/com.st.stm32cube.ide.mcu.externaltools.gnu-tools-for-stm32.10.3-2021.10.linux64_1.0.200.202301161003/tools/bin/../lib/gcc/arm-none-eabi/10.3.1/thumb/v7e-m+dp/hard/crti.o
                0x00000000080067c0                _fini
 .fini          0x00000000080067c4        0x8 /opt/stm32cubeide/plugins/com.st.stm32cube.ide.mcu.externaltools.gnu-tools-for-stm32.10.3-2021.10.linux64_1.0.200.202301161003/tools/bin/../lib/gcc/arm-none-eabi/10.3.1/thumb/v7e-m+dp/hard/crtn.o
                0x00000000080067cc                . = ALIGN (0x4)
                0x00000000080067cc                _etext = .

.vfp11_veneer   0x00000000080067cc        0x0
 .vfp11_veneer  0x00000000080067cc        0x0 linker stubs

.v4_bx          0x00000000080067cc        0x0
 .v4_bx         0x00000000080067cc        0x0 linker stubs

.iplt           0x00000000080067cc        0x0
 .iplt          0x00000000080067cc        0x0 /opt/stm32cubeide/plugins/com.st.stm32cube.ide.mcu.externaltools.gnu-tools-for-stm32.10.3-2021.10.linux64_1.0.200.202301161003/tools/bin/../lib/gcc/arm-none-eabi/10.3.1/thumb/v7e-m+dp/hard/crtbegin.o

.rodata         0x00000000080067cc      0x214
                0x00000000080067cc                . = ALIGN (0x4)
 *(.rodata)
 .rodata        0x00000000080067cc        0x7 ./Core/Src/helper_functions.o
 *fill*         0x00000000080067d3        0x1 
 .rodata        0x00000000080067d4       0x39 ./Core/Src/main.o
 *fill*         0x000000000800680d        0x3 
 .rodata        0x0000000008006810       0x55 ./Core/Src/navigation/dijkstra.o
 *fill*         0x0000000008006865        0x3 
 .rodata        0x0000000008006868        0xf ./Core/Src/navigation/lwgps.o
 *fill*         0x0000000008006877        0x1 
 .rodata        0x0000000008006878       0xae ./Core/Src/navigation/navigation.o
 *(.rodata*)
 *fill*         0x0000000008006926        0x2 
 .rodata.AHBPrescTable
                0x0000000008006928       0x10 ./Core/Src/system_stm32f7xx.o
                0x0000000008006928                AHBPrescTable
 .rodata.APBPrescTable
                0x0000000008006938        0x8 ./Core/Src/system_stm32f7xx.o
                0x0000000008006938                APBPrescTable
 .rodata.flagBitshiftOffset.0
                0x0000000008006940        0x8 ./Drivers/STM32F7xx_HAL_Driver/Src/stm32f7xx_hal_dma.o
 .rodata._global_impure_ptr
                0x0000000008006948        0x4 /opt/stm32cubeide/plugins/com.st.stm32cube.ide.mcu.externaltools.gnu-tools-for-stm32.10.3-2021.10.linux64_1.0.200.202301161003/tools/bin/../lib/gcc/arm-none-eabi/10.3.1/../../../../arm-none-eabi/lib/thumb/v7e-m+dp/hard/libc_nano.a(lib_a-impure.o)
                0x0000000008006948                _global_impure_ptr
 .rodata.__sf_fake_stderr
                0x000000000800694c       0x20 /opt/stm32cubeide/plugins/com.st.stm32cube.ide.mcu.externaltools.gnu-tools-for-stm32.10.3-2021.10.linux64_1.0.200.202301161003/tools/bin/../lib/gcc/arm-none-eabi/10.3.1/../../../../arm-none-eabi/lib/thumb/v7e-m+dp/hard/libc_nano.a(lib_a-findfp.o)
                0x000000000800694c                __sf_fake_stderr
 .rodata.__sf_fake_stdin
                0x000000000800696c       0x20 /opt/stm32cubeide/plugins/com.st.stm32cube.ide.mcu.externaltools.gnu-tools-for-stm32.10.3-2021.10.linux64_1.0.200.202301161003/tools/bin/../lib/gcc/arm-none-eabi/10.3.1/../../../../arm-none-eabi/lib/thumb/v7e-m+dp/hard/libc_nano.a(lib_a-findfp.o)
                0x000000000800696c                __sf_fake_stdin
 .rodata.__sf_fake_stdout
                0x000000000800698c       0x20 /opt/stm32cubeide/plugins/com.st.stm32cube.ide.mcu.externaltools.gnu-tools-for-stm32.10.3-2021.10.linux64_1.0.200.202301161003/tools/bin/../lib/gcc/arm-none-eabi/10.3.1/../../../../arm-none-eabi/lib/thumb/v7e-m+dp/hard/libc_nano.a(lib_a-findfp.o)
                0x000000000800698c                __sf_fake_stdout
 .rodata._vfprintf_r.str1.1
                0x00000000080069ac       0x11 /opt/stm32cubeide/plugins/com.st.stm32cube.ide.mcu.externaltools.gnu-tools-for-stm32.10.3-2021.10.linux64_1.0.200.202301161003/tools/bin/../lib/gcc/arm-none-eabi/10.3.1/../../../../arm-none-eabi/lib/thumb/v7e-m+dp/hard/libc_nano.a(lib_a-nano-vfprintf.o)
 .rodata._printf_i.str1.1
                0x00000000080069bd       0x22 /opt/stm32cubeide/plugins/com.st.stm32cube.ide.mcu.externaltools.gnu-tools-for-stm32.10.3-2021.10.linux64_1.0.200.202301161003/tools/bin/../lib/gcc/arm-none-eabi/10.3.1/../../../../arm-none-eabi/lib/thumb/v7e-m+dp/hard/libc_nano.a(lib_a-nano-vfprintf_i.o)
                0x00000000080069e0                . = ALIGN (0x4)
 *fill*         0x00000000080069df        0x1 

.ARM.extab      0x00000000080069e0        0x0
                0x00000000080069e0                . = ALIGN (0x4)
 *(.ARM.extab* .gnu.linkonce.armextab.*)
                0x00000000080069e0                . = ALIGN (0x4)

.ARM            0x00000000080069e0        0x8
                0x00000000080069e0                . = ALIGN (0x4)
                0x00000000080069e0                __exidx_start = .
 *(.ARM.exidx*)
 .ARM.exidx     0x00000000080069e0        0x8 /opt/stm32cubeide/plugins/com.st.stm32cube.ide.mcu.externaltools.gnu-tools-for-stm32.10.3-2021.10.linux64_1.0.200.202301161003/tools/bin/../lib/gcc/arm-none-eabi/10.3.1/thumb/v7e-m+dp/hard/libgcc.a(_udivmoddi4.o)
                0x00000000080069e8                __exidx_end = .
                0x00000000080069e8                . = ALIGN (0x4)

.rel.dyn        0x00000000080069e8        0x0
 .rel.iplt      0x00000000080069e8        0x0 /opt/stm32cubeide/plugins/com.st.stm32cube.ide.mcu.externaltools.gnu-tools-for-stm32.10.3-2021.10.linux64_1.0.200.202301161003/tools/bin/../lib/gcc/arm-none-eabi/10.3.1/thumb/v7e-m+dp/hard/crtbegin.o

.preinit_array  0x00000000080069e8        0x0
                0x00000000080069e8                . = ALIGN (0x4)
                0x00000000080069e8                PROVIDE (__preinit_array_start = .)
 *(.preinit_array*)
                0x00000000080069e8                PROVIDE (__preinit_array_end = .)
                0x00000000080069e8                . = ALIGN (0x4)

.init_array     0x00000000080069e8        0x4
                0x00000000080069e8                . = ALIGN (0x4)
                0x00000000080069e8                PROVIDE (__init_array_start = .)
 *(SORT_BY_NAME(.init_array.*))
 *(.init_array*)
 .init_array    0x00000000080069e8        0x4 /opt/stm32cubeide/plugins/com.st.stm32cube.ide.mcu.externaltools.gnu-tools-for-stm32.10.3-2021.10.linux64_1.0.200.202301161003/tools/bin/../lib/gcc/arm-none-eabi/10.3.1/thumb/v7e-m+dp/hard/crtbegin.o
                0x00000000080069ec                PROVIDE (__init_array_end = .)
                0x00000000080069ec                . = ALIGN (0x4)

.fini_array     0x00000000080069ec        0x4
                0x00000000080069ec                . = ALIGN (0x4)
                [!provide]                        PROVIDE (__fini_array_start = .)
 *(SORT_BY_NAME(.fini_array.*))
 *(.fini_array*)
 .fini_array    0x00000000080069ec        0x4 /opt/stm32cubeide/plugins/com.st.stm32cube.ide.mcu.externaltools.gnu-tools-for-stm32.10.3-2021.10.linux64_1.0.200.202301161003/tools/bin/../lib/gcc/arm-none-eabi/10.3.1/thumb/v7e-m+dp/hard/crtbegin.o
                [!provide]                        PROVIDE (__fini_array_end = .)
                0x00000000080069f0                . = ALIGN (0x4)
                0x00000000080069f0                _sidata = LOADADDR (.data)

.data           0x0000000020000000     0x1654 load address 0x00000000080069f0
                0x0000000020000000                . = ALIGN (0x4)
                0x0000000020000000                _sdata = .
 *(.data)
 *(.data*)
 .data.SystemCoreClock
                0x0000000020000000        0x4 ./Core/Src/system_stm32f7xx.o
                0x0000000020000000                SystemCoreClock
 .data.k_d_tree
                0x0000000020000004       0x3c ./Core/Src/navigation/k_d_tree.o
                0x0000000020000004                k_d_tree
 .data._Landmark_Adj_List_0
                0x0000000020000040        0x5 ./Core/Src/navigation/landmarks.o
                0x0000000020000040                _Landmark_Adj_List_0
 *fill*         0x0000000020000045        0x3 
 .data._Landmark_Adj_List_1
                0x0000000020000048        0x5 ./Core/Src/navigation/landmarks.o
                0x0000000020000048                _Landmark_Adj_List_1
 *fill*         0x000000002000004d        0x3 
 .data._Landmark_Adj_List_2
                0x0000000020000050        0x5 ./Core/Src/navigation/landmarks.o
                0x0000000020000050                _Landmark_Adj_List_2
 *fill*         0x0000000020000055        0x3 
 .data._Landmark_Adj_List_3
                0x0000000020000058        0x6 ./Core/Src/navigation/landmarks.o
                0x0000000020000058                _Landmark_Adj_List_3
 *fill*         0x000000002000005e        0x2 
 .data._Landmark_Adj_List_4
                0x0000000020000060        0x3 ./Core/Src/navigation/landmarks.o
                0x0000000020000060                _Landmark_Adj_List_4
 *fill*         0x0000000020000063        0x1 
 .data._Landmark_Adj_List_5
                0x0000000020000064        0x3 ./Core/Src/navigation/landmarks.o
                0x0000000020000064                _Landmark_Adj_List_5
 *fill*         0x0000000020000067        0x1 
 .data._Landmark_Adj_List_6
                0x0000000020000068        0x3 ./Core/Src/navigation/landmarks.o
                0x0000000020000068                _Landmark_Adj_List_6
 *fill*         0x000000002000006b        0x1 
 .data._Landmark_Adj_List_7
                0x000000002000006c        0x2 ./Core/Src/navigation/landmarks.o
                0x000000002000006c                _Landmark_Adj_List_7
 *fill*         0x000000002000006e        0x2 
 .data._Landmark_Adj_List_8
                0x0000000020000070        0x7 ./Core/Src/navigation/landmarks.o
                0x0000000020000070                _Landmark_Adj_List_8
 *fill*         0x0000000020000077        0x1 
 .data._Landmark_Adj_List_9
                0x0000000020000078        0x4 ./Core/Src/navigation/landmarks.o
                0x0000000020000078                _Landmark_Adj_List_9
 .data._Landmark_Adj_List_10
                0x000000002000007c        0x4 ./Core/Src/navigation/landmarks.o
                0x000000002000007c                _Landmark_Adj_List_10
 .data._Landmark_Adj_List_11
                0x0000000020000080        0x6 ./Core/Src/navigation/landmarks.o
                0x0000000020000080                _Landmark_Adj_List_11
 *fill*         0x0000000020000086        0x2 
 .data._Landmark_Adj_List_12
                0x0000000020000088        0x5 ./Core/Src/navigation/landmarks.o
                0x0000000020000088                _Landmark_Adj_List_12
 *fill*         0x000000002000008d        0x3 
 .data._Landmark_Adj_List_13
                0x0000000020000090        0x3 ./Core/Src/navigation/landmarks.o
                0x0000000020000090                _Landmark_Adj_List_13
 *fill*         0x0000000020000093        0x1 
 .data._Landmark_Adj_List_14
                0x0000000020000094        0x6 ./Core/Src/navigation/landmarks.o
                0x0000000020000094                _Landmark_Adj_List_14
 *fill*         0x000000002000009a        0x2 
 .data._Landmark_Adj_List_15
                0x000000002000009c        0x4 ./Core/Src/navigation/landmarks.o
                0x000000002000009c                _Landmark_Adj_List_15
 .data._Landmark_Adj_List_16
                0x00000000200000a0        0x7 ./Core/Src/navigation/landmarks.o
                0x00000000200000a0                _Landmark_Adj_List_16
 *fill*         0x00000000200000a7        0x1 
 .data._Landmark_Adj_List_17
                0x00000000200000a8        0x5 ./Core/Src/navigation/landmarks.o
                0x00000000200000a8                _Landmark_Adj_List_17
 *fill*         0x00000000200000ad        0x3 
 .data._Landmark_Adj_List_18
                0x00000000200000b0        0x6 ./Core/Src/navigation/landmarks.o
                0x00000000200000b0                _Landmark_Adj_List_18
 *fill*         0x00000000200000b6        0x2 
 .data._Landmark_Adj_List_19
                0x00000000200000b8        0x5 ./Core/Src/navigation/landmarks.o
                0x00000000200000b8                _Landmark_Adj_List_19
 *fill*         0x00000000200000bd        0x3 
 .data._Landmark_Adj_List_20
                0x00000000200000c0        0x7 ./Core/Src/navigation/landmarks.o
                0x00000000200000c0                _Landmark_Adj_List_20
 *fill*         0x00000000200000c7        0x1 
 .data._Landmark_Adj_List_21
                0x00000000200000c8        0x3 ./Core/Src/navigation/landmarks.o
                0x00000000200000c8                _Landmark_Adj_List_21
 *fill*         0x00000000200000cb        0x1 
 .data._Landmark_Adj_List_22
                0x00000000200000cc        0x3 ./Core/Src/navigation/landmarks.o
                0x00000000200000cc                _Landmark_Adj_List_22
 *fill*         0x00000000200000cf        0x1 
 .data._Landmark_Adj_List_23
                0x00000000200000d0        0x6 ./Core/Src/navigation/landmarks.o
                0x00000000200000d0                _Landmark_Adj_List_23
 *fill*         0x00000000200000d6        0x2 
 .data._Landmark_Adj_List_24
                0x00000000200000d8        0x6 ./Core/Src/navigation/landmarks.o
                0x00000000200000d8                _Landmark_Adj_List_24
 *fill*         0x00000000200000de        0x2 
 .data._Landmark_Adj_List_25
                0x00000000200000e0        0x8 ./Core/Src/navigation/landmarks.o
                0x00000000200000e0                _Landmark_Adj_List_25
 .data._Landmark_Adj_List_26
                0x00000000200000e8        0x3 ./Core/Src/navigation/landmarks.o
                0x00000000200000e8                _Landmark_Adj_List_26
 *fill*         0x00000000200000eb        0x1 
 .data._Landmark_Adj_List_27
                0x00000000200000ec        0x6 ./Core/Src/navigation/landmarks.o
                0x00000000200000ec                _Landmark_Adj_List_27
 *fill*         0x00000000200000f2        0x2 
 .data._Landmark_Adj_List_28
                0x00000000200000f4        0x7 ./Core/Src/navigation/landmarks.o
                0x00000000200000f4                _Landmark_Adj_List_28
 *fill*         0x00000000200000fb        0x1 
 .data._Landmark_Adj_List_29
                0x00000000200000fc        0x5 ./Core/Src/navigation/landmarks.o
                0x00000000200000fc                _Landmark_Adj_List_29
 *fill*         0x0000000020000101        0x3 
 .data._Landmark_Adj_List_31
                0x0000000020000104        0x5 ./Core/Src/navigation/landmarks.o
                0x0000000020000104                _Landmark_Adj_List_31
 *fill*         0x0000000020000109        0x3 
 .data._Landmark_Adj_List_33
                0x000000002000010c        0x4 ./Core/Src/navigation/landmarks.o
                0x000000002000010c                _Landmark_Adj_List_33
 .data._Landmark_Adj_List_36
                0x0000000020000110        0x3 ./Core/Src/navigation/landmarks.o
                0x0000000020000110                _Landmark_Adj_List_36
 *fill*         0x0000000020000113        0x1 
 .data._Landmark_Adj_List_39
                0x0000000020000114        0x3 ./Core/Src/navigation/landmarks.o
                0x0000000020000114                _Landmark_Adj_List_39
 *fill*         0x0000000020000117        0x1 
 .data._Landmark_Adj_List_43
                0x0000000020000118        0x7 ./Core/Src/navigation/landmarks.o
                0x0000000020000118                _Landmark_Adj_List_43
 *fill*         0x000000002000011f        0x1 
 .data._Landmark_Adj_List_44
                0x0000000020000120        0x6 ./Core/Src/navigation/landmarks.o
                0x0000000020000120                _Landmark_Adj_List_44
 *fill*         0x0000000020000126        0x2 
 .data._Landmark_Adj_List_45
                0x0000000020000128        0x6 ./Core/Src/navigation/landmarks.o
                0x0000000020000128                _Landmark_Adj_List_45
 *fill*         0x000000002000012e        0x2 
 .data._Landmark_Adj_List_58
                0x0000000020000130        0x6 ./Core/Src/navigation/landmarks.o
                0x0000000020000130                _Landmark_Adj_List_58
 *fill*         0x0000000020000136        0x2 
 .data._Landmark_Adj_List_59
                0x0000000020000138        0x5 ./Core/Src/navigation/landmarks.o
                0x0000000020000138                _Landmark_Adj_List_59
 *fill*         0x000000002000013d        0x3 
 .data._Landmark_Adj_List_68
                0x0000000020000140        0x7 ./Core/Src/navigation/landmarks.o
                0x0000000020000140                _Landmark_Adj_List_68
 *fill*         0x0000000020000147        0x1 
 .data._Landmark_Dist_List_0
                0x0000000020000148       0x28 ./Core/Src/navigation/landmarks.o
                0x0000000020000148                _Landmark_Dist_List_0
 .data._Landmark_Dist_List_1
                0x0000000020000170       0x28 ./Core/Src/navigation/landmarks.o
                0x0000000020000170                _Landmark_Dist_List_1
 .data._Landmark_Dist_List_2
                0x0000000020000198       0x28 ./Core/Src/navigation/landmarks.o
                0x0000000020000198                _Landmark_Dist_List_2
 .data._Landmark_Dist_List_3
                0x00000000200001c0       0x30 ./Core/Src/navigation/landmarks.o
                0x00000000200001c0                _Landmark_Dist_List_3
 .data._Landmark_Dist_List_4
                0x00000000200001f0       0x18 ./Core/Src/navigation/landmarks.o
                0x00000000200001f0                _Landmark_Dist_List_4
 .data._Landmark_Dist_List_5
                0x0000000020000208       0x18 ./Core/Src/navigation/landmarks.o
                0x0000000020000208                _Landmark_Dist_List_5
 .data._Landmark_Dist_List_6
                0x0000000020000220       0x18 ./Core/Src/navigation/landmarks.o
                0x0000000020000220                _Landmark_Dist_List_6
 .data._Landmark_Dist_List_7
                0x0000000020000238       0x10 ./Core/Src/navigation/landmarks.o
                0x0000000020000238                _Landmark_Dist_List_7
 .data._Landmark_Dist_List_8
                0x0000000020000248       0x38 ./Core/Src/navigation/landmarks.o
                0x0000000020000248                _Landmark_Dist_List_8
 .data._Landmark_Dist_List_9
                0x0000000020000280       0x20 ./Core/Src/navigation/landmarks.o
                0x0000000020000280                _Landmark_Dist_List_9
 .data._Landmark_Dist_List_10
                0x00000000200002a0       0x20 ./Core/Src/navigation/landmarks.o
                0x00000000200002a0                _Landmark_Dist_List_10
 .data._Landmark_Dist_List_11
                0x00000000200002c0       0x30 ./Core/Src/navigation/landmarks.o
                0x00000000200002c0                _Landmark_Dist_List_11
 .data._Landmark_Dist_List_12
                0x00000000200002f0       0x28 ./Core/Src/navigation/landmarks.o
                0x00000000200002f0                _Landmark_Dist_List_12
 .data._Landmark_Dist_List_13
                0x0000000020000318       0x18 ./Core/Src/navigation/landmarks.o
                0x0000000020000318                _Landmark_Dist_List_13
 .data._Landmark_Dist_List_14
                0x0000000020000330       0x30 ./Core/Src/navigation/landmarks.o
                0x0000000020000330                _Landmark_Dist_List_14
 .data._Landmark_Dist_List_15
                0x0000000020000360       0x20 ./Core/Src/navigation/landmarks.o
                0x0000000020000360                _Landmark_Dist_List_15
 .data._Landmark_Dist_List_16
                0x0000000020000380       0x38 ./Core/Src/navigation/landmarks.o
                0x0000000020000380                _Landmark_Dist_List_16
 .data._Landmark_Dist_List_17
                0x00000000200003b8       0x28 ./Core/Src/navigation/landmarks.o
                0x00000000200003b8                _Landmark_Dist_List_17
 .data._Landmark_Dist_List_18
                0x00000000200003e0       0x30 ./Core/Src/navigation/landmarks.o
                0x00000000200003e0                _Landmark_Dist_List_18
 .data._Landmark_Dist_List_19
                0x0000000020000410       0x28 ./Core/Src/navigation/landmarks.o
                0x0000000020000410                _Landmark_Dist_List_19
 .data._Landmark_Dist_List_20
                0x0000000020000438       0x38 ./Core/Src/navigation/landmarks.o
                0x0000000020000438                _Landmark_Dist_List_20
 .data._Landmark_Dist_List_21
                0x0000000020000470       0x18 ./Core/Src/navigation/landmarks.o
                0x0000000020000470                _Landmark_Dist_List_21
 .data._Landmark_Dist_List_22
                0x0000000020000488       0x18 ./Core/Src/navigation/landmarks.o
                0x0000000020000488                _Landmark_Dist_List_22
 .data._Landmark_Dist_List_23
                0x00000000200004a0       0x30 ./Core/Src/navigation/landmarks.o
                0x00000000200004a0                _Landmark_Dist_List_23
 .data._Landmark_Dist_List_24
                0x00000000200004d0       0x30 ./Core/Src/navigation/landmarks.o
                0x00000000200004d0                _Landmark_Dist_List_24
 .data._Landmark_Dist_List_25
                0x0000000020000500       0x40 ./Core/Src/navigation/landmarks.o
                0x0000000020000500                _Landmark_Dist_List_25
 .data._Landmark_Dist_List_26
                0x0000000020000540       0x18 ./Core/Src/navigation/landmarks.o
                0x0000000020000540                _Landmark_Dist_List_26
 .data._Landmark_Dist_List_27
                0x0000000020000558       0x30 ./Core/Src/navigation/landmarks.o
                0x0000000020000558                _Landmark_Dist_List_27
 .data._Landmark_Dist_List_28
                0x0000000020000588       0x38 ./Core/Src/navigation/landmarks.o
                0x0000000020000588                _Landmark_Dist_List_28
 .data._Landmark_Dist_List_29
                0x00000000200005c0       0x28 ./Core/Src/navigation/landmarks.o
                0x00000000200005c0                _Landmark_Dist_List_29
 .data._Landmark_Dist_List_31
                0x00000000200005e8       0x28 ./Core/Src/navigation/landmarks.o
                0x00000000200005e8                _Landmark_Dist_List_31
 .data._Landmark_Dist_List_33
                0x0000000020000610       0x20 ./Core/Src/navigation/landmarks.o
                0x0000000020000610                _Landmark_Dist_List_33
 .data._Landmark_Dist_List_36
                0x0000000020000630       0x18 ./Core/Src/navigation/landmarks.o
                0x0000000020000630                _Landmark_Dist_List_36
 .data._Landmark_Dist_List_39
                0x0000000020000648       0x18 ./Core/Src/navigation/landmarks.o
                0x0000000020000648                _Landmark_Dist_List_39
 .data._Landmark_Dist_List_43
                0x0000000020000660       0x38 ./Core/Src/navigation/landmarks.o
                0x0000000020000660                _Landmark_Dist_List_43
 .data._Landmark_Dist_List_44
                0x0000000020000698       0x30 ./Core/Src/navigation/landmarks.o
                0x0000000020000698                _Landmark_Dist_List_44
 .data._Landmark_Dist_List_45
                0x00000000200006c8       0x30 ./Core/Src/navigation/landmarks.o
                0x00000000200006c8                _Landmark_Dist_List_45
 .data._Landmark_Dist_List_58
                0x00000000200006f8       0x30 ./Core/Src/navigation/landmarks.o
                0x00000000200006f8                _Landmark_Dist_List_58
 .data._Landmark_Dist_List_59
                0x0000000020000728       0x28 ./Core/Src/navigation/landmarks.o
                0x0000000020000728                _Landmark_Dist_List_59
 .data._Landmark_Dist_List_68
                0x0000000020000750       0x38 ./Core/Src/navigation/landmarks.o
                0x0000000020000750                _Landmark_Dist_List_68
 .data.landmarks
                0x0000000020000788      0xdc0 ./Core/Src/navigation/landmarks.o
                0x0000000020000788                landmarks
 .data.path_distances
                0x0000000020001548       0xa0 ./Core/Src/navigation/navigation.o
                0x0000000020001548                path_distances
 .data.uwTickPrio
                0x00000000200015e8        0x4 ./Drivers/STM32F7xx_HAL_Driver/Src/stm32f7xx_hal.o
                0x00000000200015e8                uwTickPrio
 .data.uwTickFreq
                0x00000000200015ec        0x1 ./Drivers/STM32F7xx_HAL_Driver/Src/stm32f7xx_hal.o
                0x00000000200015ec                uwTickFreq
 *fill*         0x00000000200015ed        0x3 
 .data._impure_ptr
                0x00000000200015f0        0x4 /opt/stm32cubeide/plugins/com.st.stm32cube.ide.mcu.externaltools.gnu-tools-for-stm32.10.3-2021.10.linux64_1.0.200.202301161003/tools/bin/../lib/gcc/arm-none-eabi/10.3.1/../../../../arm-none-eabi/lib/thumb/v7e-m+dp/hard/libc_nano.a(lib_a-impure.o)
                0x00000000200015f0                _impure_ptr
 .data.impure_data
                0x00000000200015f4       0x60 /opt/stm32cubeide/plugins/com.st.stm32cube.ide.mcu.externaltools.gnu-tools-for-stm32.10.3-2021.10.linux64_1.0.200.202301161003/tools/bin/../lib/gcc/arm-none-eabi/10.3.1/../../../../arm-none-eabi/lib/thumb/v7e-m+dp/hard/libc_nano.a(lib_a-impure.o)
 *(.RamFunc)
 *(.RamFunc*)
                0x0000000020001654                . = ALIGN (0x4)
                0x0000000020001654                _edata = .

.igot.plt       0x0000000020001654        0x0 load address 0x0000000008008044
 .igot.plt      0x0000000020001654        0x0 /opt/stm32cubeide/plugins/com.st.stm32cube.ide.mcu.externaltools.gnu-tools-for-stm32.10.3-2021.10.linux64_1.0.200.202301161003/tools/bin/../lib/gcc/arm-none-eabi/10.3.1/thumb/v7e-m+dp/hard/crtbegin.o
                0x0000000020001654                . = ALIGN (0x4)

.bss            0x0000000020001658      0x2a0 load address 0x0000000008008044
                0x0000000020001658                _sbss = .
                0x0000000020001658                __bss_start__ = _sbss
 *(.bss)
 .bss           0x0000000020001658       0x1c /opt/stm32cubeide/plugins/com.st.stm32cube.ide.mcu.externaltools.gnu-tools-for-stm32.10.3-2021.10.linux64_1.0.200.202301161003/tools/bin/../lib/gcc/arm-none-eabi/10.3.1/thumb/v7e-m+dp/hard/crtbegin.o
 *(.bss*)
 .bss.huart2    0x0000000020001674       0x88 ./Core/Src/main.o
                0x0000000020001674                huart2
 .bss.huart3    0x00000000200016fc       0x88 ./Core/Src/main.o
                0x00000000200016fc                huart3
 .bss.hdma_usart2_rx
                0x0000000020001784       0x60 ./Core/Src/main.o
                0x0000000020001784                hdma_usart2_rx
 .bss.__sbrk_heap_end
                0x00000000200017e4        0x4 ./Core/Src/sysmem.o
 .bss.path      0x00000000200017e8       0x50 ./Core/Src/navigation/dijkstra.o
                0x00000000200017e8                path
 .bss.gps       0x0000000020001838       0x68 ./Core/Src/navigation/navigation.o
                0x0000000020001838                gps
 .bss.coord     0x00000000200018a0       0x10 ./Core/Src/navigation/navigation.o
                0x00000000200018a0                coord
 .bss.nav_rx_data
                0x00000000200018b0        0xa ./Core/Src/navigation/navigation.o
                0x00000000200018b0                nav_rx_data
 *fill*         0x00000000200018ba        0x2 
 .bss.visited_nodes
                0x00000000200018bc       0x28 ./Core/Src/navigation/navigation.o
                0x00000000200018bc                visited_nodes
 .bss.uwTick    0x00000000200018e4        0x4 ./Drivers/STM32F7xx_HAL_Driver/Src/stm32f7xx_hal.o
                0x00000000200018e4                uwTick
 .bss.__lock___malloc_recursive_mutex
                0x00000000200018e8        0x1 /opt/stm32cubeide/plugins/com.st.stm32cube.ide.mcu.externaltools.gnu-tools-for-stm32.10.3-2021.10.linux64_1.0.200.202301161003/tools/bin/../lib/gcc/arm-none-eabi/10.3.1/../../../../arm-none-eabi/lib/thumb/v7e-m+dp/hard/libc_nano.a(lib_a-lock.o)
                0x00000000200018e8                __lock___malloc_recursive_mutex
 .bss.__lock___sfp_recursive_mutex
                0x00000000200018e9        0x1 /opt/stm32cubeide/plugins/com.st.stm32cube.ide.mcu.externaltools.gnu-tools-for-stm32.10.3-2021.10.linux64_1.0.200.202301161003/tools/bin/../lib/gcc/arm-none-eabi/10.3.1/../../../../arm-none-eabi/lib/thumb/v7e-m+dp/hard/libc_nano.a(lib_a-lock.o)
                0x00000000200018e9                __lock___sfp_recursive_mutex
 .bss.__lock___sinit_recursive_mutex
                0x00000000200018ea        0x1 /opt/stm32cubeide/plugins/com.st.stm32cube.ide.mcu.externaltools.gnu-tools-for-stm32.10.3-2021.10.linux64_1.0.200.202301161003/tools/bin/../lib/gcc/arm-none-eabi/10.3.1/../../../../arm-none-eabi/lib/thumb/v7e-m+dp/hard/libc_nano.a(lib_a-lock.o)
                0x00000000200018ea                __lock___sinit_recursive_mutex
 *fill*         0x00000000200018eb        0x1 
 .bss.__malloc_free_list
                0x00000000200018ec        0x4 /opt/stm32cubeide/plugins/com.st.stm32cube.ide.mcu.externaltools.gnu-tools-for-stm32.10.3-2021.10.linux64_1.0.200.202301161003/tools/bin/../lib/gcc/arm-none-eabi/10.3.1/../../../../arm-none-eabi/lib/thumb/v7e-m+dp/hard/libc_nano.a(lib_a-nano-mallocr.o)
                0x00000000200018ec                __malloc_free_list
 .bss.__malloc_sbrk_start
                0x00000000200018f0        0x4 /opt/stm32cubeide/plugins/com.st.stm32cube.ide.mcu.externaltools.gnu-tools-for-stm32.10.3-2021.10.linux64_1.0.200.202301161003/tools/bin/../lib/gcc/arm-none-eabi/10.3.1/../../../../arm-none-eabi/lib/thumb/v7e-m+dp/hard/libc_nano.a(lib_a-nano-mallocr.o)
                0x00000000200018f0                __malloc_sbrk_start
 .bss.errno     0x00000000200018f4        0x4 /opt/stm32cubeide/plugins/com.st.stm32cube.ide.mcu.externaltools.gnu-tools-for-stm32.10.3-2021.10.linux64_1.0.200.202301161003/tools/bin/../lib/gcc/arm-none-eabi/10.3.1/../../../../arm-none-eabi/lib/thumb/v7e-m+dp/hard/libc_nano.a(lib_a-reent.o)
                0x00000000200018f4                errno
 *(COMMON)
                0x00000000200018f8                . = ALIGN (0x4)
                0x00000000200018f8                _ebss = .
                0x00000000200018f8                __bss_end__ = _ebss

._user_heap_stack
                0x00000000200018f8      0x600 load address 0x0000000008008044
                0x00000000200018f8                . = ALIGN (0x8)
                [!provide]                        PROVIDE (end = .)
                0x00000000200018f8                PROVIDE (_end = .)
                0x0000000020001af8                . = (. + _Min_Heap_Size)
 *fill*         0x00000000200018f8      0x200 
                0x0000000020001ef8                . = (. + _Min_Stack_Size)
 *fill*         0x0000000020001af8      0x400 
                0x0000000020001ef8                . = ALIGN (0x8)

/DISCARD/
 libc.a(*)
 libm.a(*)
 libgcc.a(*)

.ARM.attributes
                0x0000000000000000       0x2e
 *(.ARM.attributes)
 .ARM.attributes
                0x0000000000000000       0x1e /opt/stm32cubeide/plugins/com.st.stm32cube.ide.mcu.externaltools.gnu-tools-for-stm32.10.3-2021.10.linux64_1.0.200.202301161003/tools/bin/../lib/gcc/arm-none-eabi/10.3.1/thumb/v7e-m+dp/hard/crti.o
 .ARM.attributes
                0x000000000000001e       0x32 /opt/stm32cubeide/plugins/com.st.stm32cube.ide.mcu.externaltools.gnu-tools-for-stm32.10.3-2021.10.linux64_1.0.200.202301161003/tools/bin/../lib/gcc/arm-none-eabi/10.3.1/thumb/v7e-m+dp/hard/crtbegin.o
 .ARM.attributes
                0x0000000000000050       0x32 ./Core/Src/helper_functions.o
 .ARM.attributes
                0x0000000000000082       0x32 ./Core/Src/main.o
 .ARM.attributes
                0x00000000000000b4       0x32 ./Core/Src/stm32f7xx_hal_msp.o
 .ARM.attributes
                0x00000000000000e6       0x32 ./Core/Src/stm32f7xx_it.o
 .ARM.attributes
                0x0000000000000118       0x32 ./Core/Src/syscalls.o
 .ARM.attributes
                0x000000000000014a       0x32 ./Core/Src/sysmem.o
 .ARM.attributes
                0x000000000000017c       0x32 ./Core/Src/system_stm32f7xx.o
 .ARM.attributes
                0x00000000000001ae       0x32 ./Core/Src/navigation/dijkstra.o
 .ARM.attributes
                0x00000000000001e0       0x32 ./Core/Src/navigation/k_d_tree.o
 .ARM.attributes
                0x0000000000000212       0x32 ./Core/Src/navigation/landmarks.o
 .ARM.attributes
                0x0000000000000244       0x32 ./Core/Src/navigation/lwgps.o
 .ARM.attributes
                0x0000000000000276       0x32 ./Core/Src/navigation/navigation.o
 .ARM.attributes
                0x00000000000002a8       0x32 ./Core/Src/navigation/proximity.o
 .ARM.attributes
                0x00000000000002da       0x21 ./Core/Startup/startup_stm32f767zgtx.o
 .ARM.attributes
                0x00000000000002fb       0x32 ./Drivers/STM32F7xx_HAL_Driver/Src/stm32f7xx_hal.o
 .ARM.attributes
                0x000000000000032d       0x32 ./Drivers/STM32F7xx_HAL_Driver/Src/stm32f7xx_hal_cortex.o
 .ARM.attributes
                0x000000000000035f       0x32 ./Drivers/STM32F7xx_HAL_Driver/Src/stm32f7xx_hal_dma.o
 .ARM.attributes
                0x0000000000000391       0x32 ./Drivers/STM32F7xx_HAL_Driver/Src/stm32f7xx_hal_gpio.o
 .ARM.attributes
                0x00000000000003c3       0x32 ./Drivers/STM32F7xx_HAL_Driver/Src/stm32f7xx_hal_pwr.o
 .ARM.attributes
                0x00000000000003f5       0x32 ./Drivers/STM32F7xx_HAL_Driver/Src/stm32f7xx_hal_pwr_ex.o
 .ARM.attributes
                0x0000000000000427       0x32 ./Drivers/STM32F7xx_HAL_Driver/Src/stm32f7xx_hal_rcc.o
 .ARM.attributes
                0x0000000000000459       0x32 ./Drivers/STM32F7xx_HAL_Driver/Src/stm32f7xx_hal_rcc_ex.o
 .ARM.attributes
                0x000000000000048b       0x32 ./Drivers/STM32F7xx_HAL_Driver/Src/stm32f7xx_hal_uart.o
 .ARM.attributes
                0x00000000000004bd       0x32 /opt/stm32cubeide/plugins/com.st.stm32cube.ide.mcu.externaltools.gnu-tools-for-stm32.10.3-2021.10.linux64_1.0.200.202301161003/tools/bin/../lib/gcc/arm-none-eabi/10.3.1/../../../../arm-none-eabi/lib/thumb/v7e-m+dp/hard/libc_nano.a(lib_a-errno.o)
 .ARM.attributes
                0x00000000000004ef       0x32 /opt/stm32cubeide/plugins/com.st.stm32cube.ide.mcu.externaltools.gnu-tools-for-stm32.10.3-2021.10.linux64_1.0.200.202301161003/tools/bin/../lib/gcc/arm-none-eabi/10.3.1/../../../../arm-none-eabi/lib/thumb/v7e-m+dp/hard/libc_nano.a(lib_a-impure.o)
 .ARM.attributes
                0x0000000000000521       0x32 /opt/stm32cubeide/plugins/com.st.stm32cube.ide.mcu.externaltools.gnu-tools-for-stm32.10.3-2021.10.linux64_1.0.200.202301161003/tools/bin/../lib/gcc/arm-none-eabi/10.3.1/../../../../arm-none-eabi/lib/thumb/v7e-m+dp/hard/libc_nano.a(lib_a-init.o)
 .ARM.attributes
                0x0000000000000553       0x32 /opt/stm32cubeide/plugins/com.st.stm32cube.ide.mcu.externaltools.gnu-tools-for-stm32.10.3-2021.10.linux64_1.0.200.202301161003/tools/bin/../lib/gcc/arm-none-eabi/10.3.1/../../../../arm-none-eabi/lib/thumb/v7e-m+dp/hard/libc_nano.a(lib_a-memset.o)
 .ARM.attributes
                0x0000000000000585       0x32 /opt/stm32cubeide/plugins/com.st.stm32cube.ide.mcu.externaltools.gnu-tools-for-stm32.10.3-2021.10.linux64_1.0.200.202301161003/tools/bin/../lib/gcc/arm-none-eabi/10.3.1/../../../../arm-none-eabi/lib/thumb/v7e-m+dp/hard/libc_nano.a(lib_a-printf.o)
 .ARM.attributes
                0x00000000000005b7       0x32 /opt/stm32cubeide/plugins/com.st.stm32cube.ide.mcu.externaltools.gnu-tools-for-stm32.10.3-2021.10.linux64_1.0.200.202301161003/tools/bin/../lib/gcc/arm-none-eabi/10.3.1/../../../../arm-none-eabi/lib/thumb/v7e-m+dp/hard/libc_nano.a(lib_a-putchar.o)
 .ARM.attributes
                0x00000000000005e9       0x32 /opt/stm32cubeide/plugins/com.st.stm32cube.ide.mcu.externaltools.gnu-tools-for-stm32.10.3-2021.10.linux64_1.0.200.202301161003/tools/bin/../lib/gcc/arm-none-eabi/10.3.1/../../../../arm-none-eabi/lib/thumb/v7e-m+dp/hard/libc_nano.a(lib_a-setvbuf.o)
 .ARM.attributes
                0x000000000000061b       0x32 /opt/stm32cubeide/plugins/com.st.stm32cube.ide.mcu.externaltools.gnu-tools-for-stm32.10.3-2021.10.linux64_1.0.200.202301161003/tools/bin/../lib/gcc/arm-none-eabi/10.3.1/../../../../arm-none-eabi/lib/thumb/v7e-m+dp/hard/libc_nano.a(lib_a-strncmp.o)
 .ARM.attributes
                0x000000000000064d       0x32 /opt/stm32cubeide/plugins/com.st.stm32cube.ide.mcu.externaltools.gnu-tools-for-stm32.10.3-2021.10.linux64_1.0.200.202301161003/tools/bin/../lib/gcc/arm-none-eabi/10.3.1/../../../../arm-none-eabi/lib/thumb/v7e-m+dp/hard/libc_nano.a(lib_a-wbuf.o)
 .ARM.attributes
                0x000000000000067f       0x32 /opt/stm32cubeide/plugins/com.st.stm32cube.ide.mcu.externaltools.gnu-tools-for-stm32.10.3-2021.10.linux64_1.0.200.202301161003/tools/bin/../lib/gcc/arm-none-eabi/10.3.1/../../../../arm-none-eabi/lib/thumb/v7e-m+dp/hard/libc_nano.a(lib_a-wsetup.o)
 .ARM.attributes
                0x00000000000006b1       0x32 /opt/stm32cubeide/plugins/com.st.stm32cube.ide.mcu.externaltools.gnu-tools-for-stm32.10.3-2021.10.linux64_1.0.200.202301161003/tools/bin/../lib/gcc/arm-none-eabi/10.3.1/../../../../arm-none-eabi/lib/thumb/v7e-m+dp/hard/libc_nano.a(lib_a-fflush.o)
 .ARM.attributes
                0x00000000000006e3       0x32 /opt/stm32cubeide/plugins/com.st.stm32cube.ide.mcu.externaltools.gnu-tools-for-stm32.10.3-2021.10.linux64_1.0.200.202301161003/tools/bin/../lib/gcc/arm-none-eabi/10.3.1/../../../../arm-none-eabi/lib/thumb/v7e-m+dp/hard/libc_nano.a(lib_a-findfp.o)
 .ARM.attributes
                0x0000000000000715       0x32 /opt/stm32cubeide/plugins/com.st.stm32cube.ide.mcu.externaltools.gnu-tools-for-stm32.10.3-2021.10.linux64_1.0.200.202301161003/tools/bin/../lib/gcc/arm-none-eabi/10.3.1/../../../../arm-none-eabi/lib/thumb/v7e-m+dp/hard/libc_nano.a(lib_a-fwalk.o)
 .ARM.attributes
                0x0000000000000747       0x32 /opt/stm32cubeide/plugins/com.st.stm32cube.ide.mcu.externaltools.gnu-tools-for-stm32.10.3-2021.10.linux64_1.0.200.202301161003/tools/bin/../lib/gcc/arm-none-eabi/10.3.1/../../../../arm-none-eabi/lib/thumb/v7e-m+dp/hard/libc_nano.a(lib_a-lock.o)
 .ARM.attributes
                0x0000000000000779       0x32 /opt/stm32cubeide/plugins/com.st.stm32cube.ide.mcu.externaltools.gnu-tools-for-stm32.10.3-2021.10.linux64_1.0.200.202301161003/tools/bin/../lib/gcc/arm-none-eabi/10.3.1/../../../../arm-none-eabi/lib/thumb/v7e-m+dp/hard/libc_nano.a(lib_a-makebuf.o)
 .ARM.attributes
                0x00000000000007ab       0x32 /opt/stm32cubeide/plugins/com.st.stm32cube.ide.mcu.externaltools.gnu-tools-for-stm32.10.3-2021.10.linux64_1.0.200.202301161003/tools/bin/../lib/gcc/arm-none-eabi/10.3.1/../../../../arm-none-eabi/lib/thumb/v7e-m+dp/hard/libc_nano.a(lib_a-malloc.o)
 .ARM.attributes
                0x00000000000007dd       0x32 /opt/stm32cubeide/plugins/com.st.stm32cube.ide.mcu.externaltools.gnu-tools-for-stm32.10.3-2021.10.linux64_1.0.200.202301161003/tools/bin/../lib/gcc/arm-none-eabi/10.3.1/../../../../arm-none-eabi/lib/thumb/v7e-m+dp/hard/libc_nano.a(lib_a-nano-freer.o)
 .ARM.attributes
                0x000000000000080f       0x32 /opt/stm32cubeide/plugins/com.st.stm32cube.ide.mcu.externaltools.gnu-tools-for-stm32.10.3-2021.10.linux64_1.0.200.202301161003/tools/bin/../lib/gcc/arm-none-eabi/10.3.1/../../../../arm-none-eabi/lib/thumb/v7e-m+dp/hard/libc_nano.a(lib_a-nano-mallocr.o)
 .ARM.attributes
                0x0000000000000841       0x32 /opt/stm32cubeide/plugins/com.st.stm32cube.ide.mcu.externaltools.gnu-tools-for-stm32.10.3-2021.10.linux64_1.0.200.202301161003/tools/bin/../lib/gcc/arm-none-eabi/10.3.1/../../../../arm-none-eabi/lib/thumb/v7e-m+dp/hard/libc_nano.a(lib_a-nano-vfprintf.o)
 .ARM.attributes
                0x0000000000000873       0x32 /opt/stm32cubeide/plugins/com.st.stm32cube.ide.mcu.externaltools.gnu-tools-for-stm32.10.3-2021.10.linux64_1.0.200.202301161003/tools/bin/../lib/gcc/arm-none-eabi/10.3.1/../../../../arm-none-eabi/lib/thumb/v7e-m+dp/hard/libc_nano.a(lib_a-nano-vfprintf_i.o)
 .ARM.attributes
                0x00000000000008a5       0x32 /opt/stm32cubeide/plugins/com.st.stm32cube.ide.mcu.externaltools.gnu-tools-for-stm32.10.3-2021.10.linux64_1.0.200.202301161003/tools/bin/../lib/gcc/arm-none-eabi/10.3.1/../../../../arm-none-eabi/lib/thumb/v7e-m+dp/hard/libc_nano.a(lib_a-putc.o)
 .ARM.attributes
                0x00000000000008d7       0x32 /opt/stm32cubeide/plugins/com.st.stm32cube.ide.mcu.externaltools.gnu-tools-for-stm32.10.3-2021.10.linux64_1.0.200.202301161003/tools/bin/../lib/gcc/arm-none-eabi/10.3.1/../../../../arm-none-eabi/lib/thumb/v7e-m+dp/hard/libc_nano.a(lib_a-sbrkr.o)
 .ARM.attributes
                0x0000000000000909       0x32 /opt/stm32cubeide/plugins/com.st.stm32cube.ide.mcu.externaltools.gnu-tools-for-stm32.10.3-2021.10.linux64_1.0.200.202301161003/tools/bin/../lib/gcc/arm-none-eabi/10.3.1/../../../../arm-none-eabi/lib/thumb/v7e-m+dp/hard/libc_nano.a(lib_a-stdio.o)
 .ARM.attributes
                0x000000000000093b       0x32 /opt/stm32cubeide/plugins/com.st.stm32cube.ide.mcu.externaltools.gnu-tools-for-stm32.10.3-2021.10.linux64_1.0.200.202301161003/tools/bin/../lib/gcc/arm-none-eabi/10.3.1/../../../../arm-none-eabi/lib/thumb/v7e-m+dp/hard/libc_nano.a(lib_a-writer.o)
 .ARM.attributes